 
****************************************
check_design summary:
Version:     O-2018.06-SP1
Date:        Tue Aug 11 11:07:46 2026
****************************************

                   Name                                            Total
--------------------------------------------------------------------------------
Inputs/Outputs                                                    141
    Unconnected ports (LINT-28)                                     8
    Feedthrough (LINT-29)                                          76
    Shorted outputs (LINT-31)                                      47
    Constant outputs (LINT-52)                                     10

Cells                                                             266
    Cells do not drive (LINT-1)                                   264
    Connected to power or ground (LINT-32)                          1
    Nets connected to multiple pins on same cell (LINT-33)          1

Designs                                                             5
    Black box (LINT-55)                                             5

Nets                                                              102
    Unloaded nets (LINT-2)                                        102
--------------------------------------------------------------------------------

Warning: In design 'AvOutputQuantizer', cell 'B_7' does not drive any nets. (LINT-1)
Warning: In design 'AvOutputQuantizer', cell 'C3072' does not drive any nets. (LINT-1)
Warning: In design 'AvOutputQuantizer', cell 'C3084' does not drive any nets. (LINT-1)
Warning: In design 'AvOutputQuantizer', cell 'C3089' does not drive any nets. (LINT-1)
Warning: In design 'AvOutputQuantizer', cell 'C3094' does not drive any nets. (LINT-1)
Warning: In design 'AvOutputQuantizer', cell 'C3100' does not drive any nets. (LINT-1)
Warning: In design 'AvOutputQuantizer', cell 'C3106' does not drive any nets. (LINT-1)
Warning: In design 'AvOutputQuantizer', cell 'C3113' does not drive any nets. (LINT-1)
Warning: In design 'AttentionScaleUnit', cell 'C30238' does not drive any nets. (LINT-1)
Warning: In design 'AttentionScaleUnit', cell 'C30305' does not drive any nets. (LINT-1)
Warning: In design 'AttentionScaleUnit', cell 'C30374' does not drive any nets. (LINT-1)
Warning: In design 'AttentionScaleUnit', cell 'C30441' does not drive any nets. (LINT-1)
Warning: In design 'AttentionScaleUnit', cell 'C30510' does not drive any nets. (LINT-1)
Warning: In design 'AttentionScaleUnit', cell 'C30578' does not drive any nets. (LINT-1)
Warning: In design 'AttentionScaleUnit', cell 'C30643' does not drive any nets. (LINT-1)
Warning: In design 'AttentionScaleUnit', cell 'C30711' does not drive any nets. (LINT-1)
Warning: In design 'AttentionScaleUnit', cell 'C30780' does not drive any nets. (LINT-1)
Warning: In design 'AttentionScaleUnit', cell 'C30857' does not drive any nets. (LINT-1)
Warning: In design 'AttentionScaleUnit', cell 'C30926' does not drive any nets. (LINT-1)
Warning: In design 'AttentionScaleUnit', cell 'C30992' does not drive any nets. (LINT-1)
Warning: In design 'AttentionScaleUnit', cell 'C31085' does not drive any nets. (LINT-1)
Warning: In design 'AttentionScaleUnit', cell 'C31103' does not drive any nets. (LINT-1)
Warning: In design 'AttentionScaleUnit', cell 'C31112' does not drive any nets. (LINT-1)
Warning: In design 'AttentionScaleUnit', cell 'C31117' does not drive any nets. (LINT-1)
Warning: In design 'AttentionScaleUnit', cell 'C31122' does not drive any nets. (LINT-1)
Warning: In design 'AttentionScaleUnit', cell 'C31129' does not drive any nets. (LINT-1)
Warning: In design 'AttentionScaleUnit', cell 'C31147' does not drive any nets. (LINT-1)
Warning: In design 'AttentionScaleUnit', cell 'C31151' does not drive any nets. (LINT-1)
Warning: In design 'AttentionScaleUnit', cell 'C31155' does not drive any nets. (LINT-1)
Warning: In design 'AttentionScaleUnit', cell 'C31159' does not drive any nets. (LINT-1)
Warning: In design 'AttentionScaleUnit', cell 'C31163' does not drive any nets. (LINT-1)
Warning: In design 'AttentionScaleUnit', cell 'C31167' does not drive any nets. (LINT-1)
Warning: In design 'AttentionScaleUnit', cell 'C31171' does not drive any nets. (LINT-1)
Warning: In design 'AttentionScaleUnit', cell 'C31175' does not drive any nets. (LINT-1)
Warning: In design 'AttentionScaleUnit', cell 'C31179' does not drive any nets. (LINT-1)
Warning: In design 'AttentionScaleUnit', cell 'C31183' does not drive any nets. (LINT-1)
Warning: In design 'AttentionScaleUnit', cell 'C31187' does not drive any nets. (LINT-1)
Warning: In design 'AttentionScaleUnit', cell 'C31191' does not drive any nets. (LINT-1)
Warning: In design 'AttentionScaleUnit', cell 'C31195' does not drive any nets. (LINT-1)
Warning: In design 'AttentionScaleUnit', cell 'C31199' does not drive any nets. (LINT-1)
Warning: In design 'AttentionScaleUnit', cell 'C31203' does not drive any nets. (LINT-1)
Warning: In design 'AttentionScaleUnit', cell 'C31207' does not drive any nets. (LINT-1)
Warning: In design 'AttentionScaleUnit', cell 'C31217' does not drive any nets. (LINT-1)
Warning: In design 'AttentionScaleUnit', cell 'C31226' does not drive any nets. (LINT-1)
Warning: In design 'AttentionScaleUnit', cell 'C31232' does not drive any nets. (LINT-1)
Warning: In design 'AttentionScaleUnit', cell 'C31240' does not drive any nets. (LINT-1)
Warning: In design 'AttentionScaleUnit', cell 'C31246' does not drive any nets. (LINT-1)
Warning: In design 'AttentionScaleUnit', cell 'C31252' does not drive any nets. (LINT-1)
Warning: In design 'AttentionScaleUnit', cell 'C31258' does not drive any nets. (LINT-1)
Warning: In design 'AttentionScaleUnit', cell 'C31265' does not drive any nets. (LINT-1)
Warning: In design 'AttentionScaleUnit', cell 'C31271' does not drive any nets. (LINT-1)
Warning: In design 'AttentionScaleUnit', cell 'C31277' does not drive any nets. (LINT-1)
Warning: In design 'AttentionScaleUnit', cell 'C31283' does not drive any nets. (LINT-1)
Warning: In design 'AttentionScaleUnit', cell 'C31289' does not drive any nets. (LINT-1)
Warning: In design 'AttentionScaleUnit', cell 'C31295' does not drive any nets. (LINT-1)
Warning: In design 'AttentionScaleUnit', cell 'C31301' does not drive any nets. (LINT-1)
Warning: In design 'AttentionScaleUnit', cell 'C31307' does not drive any nets. (LINT-1)
Warning: In design 'AttentionScaleUnit', cell 'C31313' does not drive any nets. (LINT-1)
Warning: In design 'StreamingSoftmax', cell 'B_100' does not drive any nets. (LINT-1)
Warning: In design 'StreamingSoftmax', cell 'B_101' does not drive any nets. (LINT-1)
Warning: In design 'StreamingSoftmax', cell 'B_102' does not drive any nets. (LINT-1)
Warning: In design 'StreamingSoftmax', cell 'B_103' does not drive any nets. (LINT-1)
Warning: In design 'StreamingSoftmax', cell 'B_104' does not drive any nets. (LINT-1)
Warning: In design 'StreamingSoftmax', cell 'B_105' does not drive any nets. (LINT-1)
Warning: In design 'StreamingSoftmax', cell 'B_106' does not drive any nets. (LINT-1)
Warning: In design 'StreamingSoftmax', cell 'B_107' does not drive any nets. (LINT-1)
Warning: In design 'StreamingSoftmax', cell 'B_108' does not drive any nets. (LINT-1)
Warning: In design 'StreamingSoftmax', cell 'B_109' does not drive any nets. (LINT-1)
Warning: In design 'StreamingSoftmax', cell 'B_110' does not drive any nets. (LINT-1)
Warning: In design 'StreamingSoftmax', cell 'B_111' does not drive any nets. (LINT-1)
Warning: In design 'StreamingSoftmax', cell 'B_112' does not drive any nets. (LINT-1)
Warning: In design 'StreamingSoftmax', cell 'B_113' does not drive any nets. (LINT-1)
Warning: In design 'StreamingSoftmax', cell 'B_114' does not drive any nets. (LINT-1)
Warning: In design 'StreamingSoftmax', cell 'B_116' does not drive any nets. (LINT-1)
Warning: In design 'StreamingSoftmax', cell 'C29589' does not drive any nets. (LINT-1)
Warning: In design 'StreamingSoftmax', cell 'C29685' does not drive any nets. (LINT-1)
Warning: In design 'StreamingSoftmax', cell 'C29697' does not drive any nets. (LINT-1)
Warning: In design 'StreamingSoftmax', cell 'C29700' does not drive any nets. (LINT-1)
Warning: In design 'StreamingSoftmax', cell 'C29705' does not drive any nets. (LINT-1)
Warning: In design 'StreamingSoftmax', cell 'C29717' does not drive any nets. (LINT-1)
Warning: In design 'StreamingSoftmax', cell 'C29724' does not drive any nets. (LINT-1)
Warning: In design 'StreamingSoftmax', cell 'C29735' does not drive any nets. (LINT-1)
Warning: In design 'StreamingSoftmax', cell 'C29744' does not drive any nets. (LINT-1)
Warning: In design 'StreamingSoftmax', cell 'C29746' does not drive any nets. (LINT-1)
Warning: In design 'StreamingSoftmax', cell 'B_119' does not drive any nets. (LINT-1)
Warning: In design 'StreamingSoftmax', cell 'C29815' does not drive any nets. (LINT-1)
Warning: In design 'VPacketBuffer', cell 'C3889' does not drive any nets. (LINT-1)
Warning: In design 'VPacketBuffer', cell 'C3927' does not drive any nets. (LINT-1)
Warning: In design 'VPacketBuffer', cell 'C3935' does not drive any nets. (LINT-1)
Warning: In design 'VPacketBuffer', cell 'C3940' does not drive any nets. (LINT-1)
Warning: In design 'VPacketBuffer', cell 'C3945' does not drive any nets. (LINT-1)
Warning: In design 'VPacketBuffer', cell 'C3950' does not drive any nets. (LINT-1)
Warning: In design 'VPacketBuffer', cell 'C3959' does not drive any nets. (LINT-1)
Warning: In design 'VPacketBuffer', cell 'C3966' does not drive any nets. (LINT-1)
Warning: In design 'VPacketBuffer', cell 'B_16' does not drive any nets. (LINT-1)
Warning: In design 'SoftmaxVAccumulator', cell 'B_41' does not drive any nets. (LINT-1)
Warning: In design 'SoftmaxVAccumulator', cell 'B_42' does not drive any nets. (LINT-1)
Warning: In design 'SoftmaxVAccumulator', cell 'B_43' does not drive any nets. (LINT-1)
Warning: In design 'SoftmaxVAccumulator', cell 'B_44' does not drive any nets. (LINT-1)
Warning: In design 'SoftmaxVAccumulator', cell 'B_45' does not drive any nets. (LINT-1)
Warning: In design 'SoftmaxVAccumulator', cell 'B_46' does not drive any nets. (LINT-1)
Warning: In design 'SoftmaxVAccumulator', cell 'B_47' does not drive any nets. (LINT-1)
Warning: In design 'SoftmaxVAccumulator', cell 'B_48' does not drive any nets. (LINT-1)
Warning: In design 'SoftmaxVAccumulator', cell 'B_49' does not drive any nets. (LINT-1)
Warning: In design 'SoftmaxVAccumulator', cell 'B_50' does not drive any nets. (LINT-1)
Warning: In design 'SoftmaxVAccumulator', cell 'B_51' does not drive any nets. (LINT-1)
Warning: In design 'SoftmaxVAccumulator', cell 'B_52' does not drive any nets. (LINT-1)
Warning: In design 'SoftmaxVAccumulator', cell 'B_53' does not drive any nets. (LINT-1)
Warning: In design 'SoftmaxVAccumulator', cell 'B_54' does not drive any nets. (LINT-1)
Warning: In design 'SoftmaxVAccumulator', cell 'B_55' does not drive any nets. (LINT-1)
Warning: In design 'SoftmaxVAccumulator', cell 'B_56' does not drive any nets. (LINT-1)
Warning: In design 'SoftmaxVAccumulator', cell 'C7139' does not drive any nets. (LINT-1)
Warning: In design 'SoftmaxVAccumulator', cell 'C7177' does not drive any nets. (LINT-1)
Warning: In design 'SoftmaxVAccumulator', cell 'C7183' does not drive any nets. (LINT-1)
Warning: In design 'SoftmaxVAccumulator', cell 'C7199' does not drive any nets. (LINT-1)
Warning: In design 'SoftmaxVAccumulator', cell 'C7206' does not drive any nets. (LINT-1)
Warning: In design 'SoftmaxVAccumulator', cell 'C7214' does not drive any nets. (LINT-1)
Warning: In design 'SoftmaxVAccumulator', cell 'C7217' does not drive any nets. (LINT-1)
Warning: In design 'SoftmaxVAccumulator', cell 'C7222' does not drive any nets. (LINT-1)
Warning: In design 'SoftmaxVAccumulator', cell 'C7224' does not drive any nets. (LINT-1)
Warning: In design 'SoftmaxVAccumulator', cell 'C7231' does not drive any nets. (LINT-1)
Warning: In design 'SoftmaxVAccumulator', cell 'C7238' does not drive any nets. (LINT-1)
Warning: In design 'SoftmaxVAccumulator', cell 'C7245' does not drive any nets. (LINT-1)
Warning: In design 'SoftmaxVAccumulator', cell 'C7277' does not drive any nets. (LINT-1)
Warning: In design 'SoftmaxVAccumulator', cell 'B_60' does not drive any nets. (LINT-1)
Warning: In design 'SoftmaxVAccumulator', cell 'C7307' does not drive any nets. (LINT-1)
Warning: In design 'SoftmaxVAccumulator', cell 'C7314' does not drive any nets. (LINT-1)
Warning: In design 'DualKvDecompressionController', cell 'C6617' does not drive any nets. (LINT-1)
Warning: In design 'DualKvDecompressionController', cell 'C6631' does not drive any nets. (LINT-1)
Warning: In design 'DualKvDecompressionController', cell 'C6647' does not drive any nets. (LINT-1)
Warning: In design 'DualKvDecompressionController', cell 'C6718' does not drive any nets. (LINT-1)
Warning: In design 'AttentionFeaturePacketizer', cell 'C4764' does not drive any nets. (LINT-1)
Warning: In design 'AttentionFeaturePacketizer', cell 'C4863' does not drive any nets. (LINT-1)
Warning: In design 'AttentionFeaturePacketizer', cell 'C4867' does not drive any nets. (LINT-1)
Warning: In design 'AttentionFeaturePacketizer', cell 'C4875' does not drive any nets. (LINT-1)
Warning: In design 'AttentionFeaturePacketizer', cell 'C4879' does not drive any nets. (LINT-1)
Warning: In design 'AttentionFeaturePacketizer', cell 'C4884' does not drive any nets. (LINT-1)
Warning: In design 'AttentionFeaturePacketizer', cell 'C4891' does not drive any nets. (LINT-1)
Warning: In design 'QueryReplayBuffer', cell 'C4029' does not drive any nets. (LINT-1)
Warning: In design 'QueryReplayBuffer', cell 'C4040' does not drive any nets. (LINT-1)
Warning: In design 'QueryReplayBuffer', cell 'C4047' does not drive any nets. (LINT-1)
Warning: In design 'QueryReplayBuffer', cell 'C4052' does not drive any nets. (LINT-1)
Warning: In design 'QueryReplayBuffer', cell 'C4057' does not drive any nets. (LINT-1)
Warning: In design 'QueryReplayBuffer', cell 'C4062' does not drive any nets. (LINT-1)
Warning: In design 'QueryReplayBuffer', cell 'C4067' does not drive any nets. (LINT-1)
Warning: In design 'QueryReplayBuffer', cell 'C4074' does not drive any nets. (LINT-1)
Warning: In design 'QueryReplayBuffer', cell 'C4081' does not drive any nets. (LINT-1)
Warning: In design 'QueryReplayBuffer', cell 'C4089' does not drive any nets. (LINT-1)
Warning: In design 'QkDotProductAccumulator', cell 'C11438' does not drive any nets. (LINT-1)
Warning: In design 'QkDotProductAccumulator', cell 'C11474' does not drive any nets. (LINT-1)
Warning: In design 'QkDotProductAccumulator', cell 'C11479' does not drive any nets. (LINT-1)
Warning: In design 'QkDotProductAccumulator', cell 'C11489' does not drive any nets. (LINT-1)
Warning: In design 'QkDotProductAccumulator', cell 'C11491' does not drive any nets. (LINT-1)
Warning: In design 'QkDotProductAccumulator', cell 'C11496' does not drive any nets. (LINT-1)
Warning: In design 'QkDotProductAccumulator', cell 'C11498' does not drive any nets. (LINT-1)
Warning: In design 'QkDotProductAccumulator', cell 'C11505' does not drive any nets. (LINT-1)
Warning: In design 'QkDotProductAccumulator', cell 'C11512' does not drive any nets. (LINT-1)
Warning: In design 'QkDotProductAccumulator', cell 'C11519' does not drive any nets. (LINT-1)
Warning: In design 'QkDotProductAccumulator', cell 'C11528' does not drive any nets. (LINT-1)
Warning: In design 'QkDotProductAccumulator', cell 'C11529' does not drive any nets. (LINT-1)
Warning: In design 'QkDotProductAccumulator', cell 'C11530' does not drive any nets. (LINT-1)
Warning: In design 'QkDotProductAccumulator', cell 'C11531' does not drive any nets. (LINT-1)
Warning: In design 'QkDotProductAccumulator', cell 'C11532' does not drive any nets. (LINT-1)
Warning: In design 'QkDotProductAccumulator', cell 'C11533' does not drive any nets. (LINT-1)
Warning: In design 'QkDotProductAccumulator', cell 'C11534' does not drive any nets. (LINT-1)
Warning: In design 'QkDotProductAccumulator', cell 'C11535' does not drive any nets. (LINT-1)
Warning: In design 'QkDotProductAccumulator', cell 'C11536' does not drive any nets. (LINT-1)
Warning: In design 'QkDotProductAccumulator', cell 'C11537' does not drive any nets. (LINT-1)
Warning: In design 'QkDotProductAccumulator', cell 'C11538' does not drive any nets. (LINT-1)
Warning: In design 'QkDotProductAccumulator', cell 'C11539' does not drive any nets. (LINT-1)
Warning: In design 'QkDotProductAccumulator', cell 'C11540' does not drive any nets. (LINT-1)
Warning: In design 'QkDotProductAccumulator', cell 'C11541' does not drive any nets. (LINT-1)
Warning: In design 'QkDotProductAccumulator', cell 'C11542' does not drive any nets. (LINT-1)
Warning: In design 'QkDotProductAccumulator', cell 'C11543' does not drive any nets. (LINT-1)
Warning: In design 'DecompressionPipelineController', cell 'C3888' does not drive any nets. (LINT-1)
Warning: In design 'DecompressionPipelineController', cell 'C3892' does not drive any nets. (LINT-1)
Warning: In design 'DecompressionPipelineController', cell 'C3898' does not drive any nets. (LINT-1)
Warning: In design 'DecompressionPipelineController', cell 'C3906' does not drive any nets. (LINT-1)
Warning: In design 'DecompressionPipelineController', cell 'C3912' does not drive any nets. (LINT-1)
Warning: In design 'DecompressionPipelineController', cell 'C3916' does not drive any nets. (LINT-1)
Warning: In design 'DecompressionPipelineController', cell 'C4012' does not drive any nets. (LINT-1)
Warning: In design 'DecompressionPipelineController_1', cell 'C3888' does not drive any nets. (LINT-1)
Warning: In design 'DecompressionPipelineController_1', cell 'C3892' does not drive any nets. (LINT-1)
Warning: In design 'DecompressionPipelineController_1', cell 'C3898' does not drive any nets. (LINT-1)
Warning: In design 'DecompressionPipelineController_1', cell 'C3906' does not drive any nets. (LINT-1)
Warning: In design 'DecompressionPipelineController_1', cell 'C3912' does not drive any nets. (LINT-1)
Warning: In design 'DecompressionPipelineController_1', cell 'C3916' does not drive any nets. (LINT-1)
Warning: In design 'DecompressionPipelineController_1', cell 'C4012' does not drive any nets. (LINT-1)
Warning: In design 'BucketCountDecoder', cell 'C923' does not drive any nets. (LINT-1)
Warning: In design 'BucketCountDecoder', cell 'C942' does not drive any nets. (LINT-1)
Warning: In design 'BucketCountDecoder', cell 'C951' does not drive any nets. (LINT-1)
Warning: In design 'BucketCountDecoder', cell 'C957' does not drive any nets. (LINT-1)
Warning: In design 'BucketCountDecoder', cell 'C975' does not drive any nets. (LINT-1)
Warning: In design 'BufferedPackMetadataDequantizer', cell 'C5295' does not drive any nets. (LINT-1)
Warning: In design 'BufferedPackMetadataDequantizer', cell 'C5300' does not drive any nets. (LINT-1)
Warning: In design 'BufferedPackMetadataDequantizer', cell 'C5342' does not drive any nets. (LINT-1)
Warning: In design 'BufferedPackMetadataDequantizer', cell 'C5353' does not drive any nets. (LINT-1)
Warning: In design 'BufferedPackMetadataDequantizer', cell 'C5361' does not drive any nets. (LINT-1)
Warning: In design 'BufferedPackMetadataDequantizer', cell 'C5364' does not drive any nets. (LINT-1)
Warning: In design 'BufferedPackMetadataDequantizer', cell 'C5370' does not drive any nets. (LINT-1)
Warning: In design 'BufferedPackMetadataDequantizer', cell 'C5378' does not drive any nets. (LINT-1)
Warning: In design 'BufferedPackMetadataDequantizer', cell 'C5386' does not drive any nets. (LINT-1)
Warning: In design 'BufferedPackMetadataDequantizer', cell 'C5404' does not drive any nets. (LINT-1)
Warning: In design 'BufferedPackMetadataDequantizer_1', cell 'C5295' does not drive any nets. (LINT-1)
Warning: In design 'BufferedPackMetadataDequantizer_1', cell 'C5300' does not drive any nets. (LINT-1)
Warning: In design 'BufferedPackMetadataDequantizer_1', cell 'C5342' does not drive any nets. (LINT-1)
Warning: In design 'BufferedPackMetadataDequantizer_1', cell 'C5353' does not drive any nets. (LINT-1)
Warning: In design 'BufferedPackMetadataDequantizer_1', cell 'C5361' does not drive any nets. (LINT-1)
Warning: In design 'BufferedPackMetadataDequantizer_1', cell 'C5364' does not drive any nets. (LINT-1)
Warning: In design 'BufferedPackMetadataDequantizer_1', cell 'C5370' does not drive any nets. (LINT-1)
Warning: In design 'BufferedPackMetadataDequantizer_1', cell 'C5378' does not drive any nets. (LINT-1)
Warning: In design 'BufferedPackMetadataDequantizer_1', cell 'C5386' does not drive any nets. (LINT-1)
Warning: In design 'BufferedPackMetadataDequantizer_1', cell 'C5404' does not drive any nets. (LINT-1)
Warning: In design 'PackDescriptorDecoder', cell 'C626' does not drive any nets. (LINT-1)
Warning: In design 'PackDescriptorDecoder', cell 'C632' does not drive any nets. (LINT-1)
Warning: In design 'DynamicPayloadUnpacker', cell 'C2102' does not drive any nets. (LINT-1)
Warning: In design 'DynamicPayloadUnpacker', cell 'C2220' does not drive any nets. (LINT-1)
Warning: In design 'DynamicPayloadUnpacker', cell 'C2225' does not drive any nets. (LINT-1)
Warning: In design 'DynamicPayloadUnpacker', cell 'C2234' does not drive any nets. (LINT-1)
Warning: In design 'DynamicPayloadUnpacker', cell 'C2240' does not drive any nets. (LINT-1)
Warning: In design 'DynamicPayloadUnpacker', cell 'C2254' does not drive any nets. (LINT-1)
Warning: In design 'DynamicPayloadUnpacker', cell 'C2261' does not drive any nets. (LINT-1)
Warning: In design 'DynamicPayloadUnpacker', cell 'C2324' does not drive any nets. (LINT-1)
Warning: In design 'FixedWidthFieldUnpacker_2', cell 'C1063' does not drive any nets. (LINT-1)
Warning: In design 'FixedWidthFieldUnpacker_2', cell 'C1142' does not drive any nets. (LINT-1)
Warning: In design 'FixedWidthFieldUnpacker_2', cell 'C1188' does not drive any nets. (LINT-1)
Warning: In design 'FixedWidthFieldUnpacker_2', cell 'C1193' does not drive any nets. (LINT-1)
Warning: In design 'FixedWidthFieldUnpacker_2', cell 'C1196' does not drive any nets. (LINT-1)
Warning: In design 'FixedWidthFieldUnpacker_2', cell 'C1200' does not drive any nets. (LINT-1)
Warning: In design 'FixedWidthFieldUnpacker_3', cell 'C1068' does not drive any nets. (LINT-1)
Warning: In design 'FixedWidthFieldUnpacker_3', cell 'C1150' does not drive any nets. (LINT-1)
Warning: In design 'FixedWidthFieldUnpacker_3', cell 'C1199' does not drive any nets. (LINT-1)
Warning: In design 'FixedWidthFieldUnpacker_3', cell 'C1204' does not drive any nets. (LINT-1)
Warning: In design 'FixedWidthFieldUnpacker_3', cell 'C1207' does not drive any nets. (LINT-1)
Warning: In design 'FixedWidthFieldUnpacker_3', cell 'C1211' does not drive any nets. (LINT-1)
Warning: In design 'PackDescriptorDecoder_1', cell 'C610' does not drive any nets. (LINT-1)
Warning: In design 'PackDescriptorDecoder_1', cell 'C625' does not drive any nets. (LINT-1)
Warning: In design 'PackDescriptorDecoder_1', cell 'C631' does not drive any nets. (LINT-1)
Warning: In design 'DynamicPayloadUnpacker_1', cell 'C2100' does not drive any nets. (LINT-1)
Warning: In design 'DynamicPayloadUnpacker_1', cell 'C2218' does not drive any nets. (LINT-1)
Warning: In design 'DynamicPayloadUnpacker_1', cell 'C2223' does not drive any nets. (LINT-1)
Warning: In design 'DynamicPayloadUnpacker_1', cell 'C2232' does not drive any nets. (LINT-1)
Warning: In design 'DynamicPayloadUnpacker_1', cell 'C2238' does not drive any nets. (LINT-1)
Warning: In design 'DynamicPayloadUnpacker_1', cell 'C2252' does not drive any nets. (LINT-1)
Warning: In design 'DynamicPayloadUnpacker_1', cell 'C2259' does not drive any nets. (LINT-1)
Warning: In design 'DynamicPayloadUnpacker_1', cell 'C2322' does not drive any nets. (LINT-1)
Warning: In design 'FixedWidthFieldUnpacker_6', cell 'C1065' does not drive any nets. (LINT-1)
Warning: In design 'FixedWidthFieldUnpacker_6', cell 'C1146' does not drive any nets. (LINT-1)
Warning: In design 'FixedWidthFieldUnpacker_6', cell 'C1194' does not drive any nets. (LINT-1)
Warning: In design 'FixedWidthFieldUnpacker_6', cell 'C1199' does not drive any nets. (LINT-1)
Warning: In design 'FixedWidthFieldUnpacker_6', cell 'C1202' does not drive any nets. (LINT-1)
Warning: In design 'FixedWidthFieldUnpacker_6', cell 'C1206' does not drive any nets. (LINT-1)
Warning: In design 'FixedWidthFieldUnpacker', cell 'C1064' does not drive any nets. (LINT-1)
Warning: In design 'FixedWidthFieldUnpacker', cell 'C1144' does not drive any nets. (LINT-1)
Warning: In design 'FixedWidthFieldUnpacker', cell 'C1191' does not drive any nets. (LINT-1)
Warning: In design 'FixedWidthFieldUnpacker', cell 'C1196' does not drive any nets. (LINT-1)
Warning: In design 'FixedWidthFieldUnpacker', cell 'C1199' does not drive any nets. (LINT-1)
Warning: In design 'FixedWidthFieldUnpacker', cell 'C1203' does not drive any nets. (LINT-1)
Warning: In design 'FixedWidthFieldUnpacker_1', cell 'C1066' does not drive any nets. (LINT-1)
Warning: In design 'FixedWidthFieldUnpacker_1', cell 'C1149' does not drive any nets. (LINT-1)
Warning: In design 'FixedWidthFieldUnpacker_1', cell 'C1199' does not drive any nets. (LINT-1)
Warning: In design 'FixedWidthFieldUnpacker_1', cell 'C1204' does not drive any nets. (LINT-1)
Warning: In design 'FixedWidthFieldUnpacker_1', cell 'C1207' does not drive any nets. (LINT-1)
Warning: In design 'FixedWidthFieldUnpacker_1', cell 'C1211' does not drive any nets. (LINT-1)
Warning: In design 'BriskKvAttentionTop', net 'softmaxV/vBuffer/_memory_ext_R0_data[0]' driven by pin 'softmaxV/vBuffer/memory_ext/R0_data[0]' has no loads. (LINT-2)
Warning: In design 'BriskKvAttentionTop', net 'softmaxV/vBuffer/_memory_ext_R0_data[1]' driven by pin 'softmaxV/vBuffer/memory_ext/R0_data[1]' has no loads. (LINT-2)
Warning: In design 'BriskKvAttentionTop', net 'softmaxV/vBuffer/_memory_ext_R0_data[2]' driven by pin 'softmaxV/vBuffer/memory_ext/R0_data[2]' has no loads. (LINT-2)
Warning: In design 'BriskKvAttentionTop', net 'softmaxV/vBuffer/_memory_ext_R0_data[3]' driven by pin 'softmaxV/vBuffer/memory_ext/R0_data[3]' has no loads. (LINT-2)
Warning: In design 'BriskKvAttentionTop', net 'softmaxV/vBuffer/_memory_ext_R0_data[4]' driven by pin 'softmaxV/vBuffer/memory_ext/R0_data[4]' has no loads. (LINT-2)
Warning: In design 'BriskKvAttentionTop', net 'softmaxV/vBuffer/_memory_ext_R0_data[5]' driven by pin 'softmaxV/vBuffer/memory_ext/R0_data[5]' has no loads. (LINT-2)
Warning: In design 'BriskKvAttentionTop', net 'softmaxV/vBuffer/_memory_ext_R0_data[6]' driven by pin 'softmaxV/vBuffer/memory_ext/R0_data[6]' has no loads. (LINT-2)
Warning: In design 'BriskKvAttentionTop', net 'softmaxV/vBuffer/_memory_ext_R0_data[7]' driven by pin 'softmaxV/vBuffer/memory_ext/R0_data[7]' has no loads. (LINT-2)
Warning: In design 'BriskKvAttentionTop', net 'softmaxV/vBuffer/_memory_ext_R0_data[8]' driven by pin 'softmaxV/vBuffer/memory_ext/R0_data[8]' has no loads. (LINT-2)
Warning: In design 'BriskKvAttentionTop', net 'softmaxV/vBuffer/_memory_ext_R0_data[9]' driven by pin 'softmaxV/vBuffer/memory_ext/R0_data[9]' has no loads. (LINT-2)
Warning: In design 'BriskKvAttentionTop', net 'softmaxV/vBuffer/_memory_ext_R0_data[10]' driven by pin 'softmaxV/vBuffer/memory_ext/R0_data[10]' has no loads. (LINT-2)
Warning: In design 'BriskKvAttentionTop', net 'softmaxV/vBuffer/_memory_ext_R0_data[11]' driven by pin 'softmaxV/vBuffer/memory_ext/R0_data[11]' has no loads. (LINT-2)
Warning: In design 'BriskKvAttentionTop', net 'softmaxV/vBuffer/_memory_ext_R0_data[12]' driven by pin 'softmaxV/vBuffer/memory_ext/R0_data[12]' has no loads. (LINT-2)
Warning: In design 'BriskKvAttentionTop', net 'softmaxV/vBuffer/_memory_ext_R0_data[13]' driven by pin 'softmaxV/vBuffer/memory_ext/R0_data[13]' has no loads. (LINT-2)
Warning: In design 'BriskKvAttentionTop', net 'softmaxV/vBuffer/_memory_ext_R0_data[14]' driven by pin 'softmaxV/vBuffer/memory_ext/R0_data[14]' has no loads. (LINT-2)
Warning: In design 'BriskKvAttentionTop', net 'softmaxV/vBuffer/_memory_ext_R0_data[15]' driven by pin 'softmaxV/vBuffer/memory_ext/R0_data[15]' has no loads. (LINT-2)
Warning: In design 'BriskKvAttentionTop', net 'softmaxV/vBuffer/_memory_ext_R0_data[16]' driven by pin 'softmaxV/vBuffer/memory_ext/R0_data[16]' has no loads. (LINT-2)
Warning: In design 'BriskKvAttentionTop', net 'softmaxV/vBuffer/_memory_ext_R0_data[17]' driven by pin 'softmaxV/vBuffer/memory_ext/R0_data[17]' has no loads. (LINT-2)
Warning: In design 'BriskKvAttentionTop', net 'softmaxV/vBuffer/_memory_ext_R0_data[18]' driven by pin 'softmaxV/vBuffer/memory_ext/R0_data[18]' has no loads. (LINT-2)
Warning: In design 'BriskKvAttentionTop', net 'softmaxV/vBuffer/_memory_ext_R0_data[19]' driven by pin 'softmaxV/vBuffer/memory_ext/R0_data[19]' has no loads. (LINT-2)
Warning: In design 'BriskKvAttentionTop', net 'softmaxV/vBuffer/_memory_ext_R0_data[20]' driven by pin 'softmaxV/vBuffer/memory_ext/R0_data[20]' has no loads. (LINT-2)
Warning: In design 'BriskKvAttentionTop', net 'softmaxV/vBuffer/_memory_ext_R0_data[21]' driven by pin 'softmaxV/vBuffer/memory_ext/R0_data[21]' has no loads. (LINT-2)
Warning: In design 'BriskKvAttentionTop', net 'softmaxV/vBuffer/_memory_ext_R0_data[22]' driven by pin 'softmaxV/vBuffer/memory_ext/R0_data[22]' has no loads. (LINT-2)
Warning: In design 'BriskKvAttentionTop', net 'softmaxV/vBuffer/_memory_ext_R0_data[23]' driven by pin 'softmaxV/vBuffer/memory_ext/R0_data[23]' has no loads. (LINT-2)
Warning: In design 'BriskKvAttentionTop', net 'softmaxV/vBuffer/_memory_ext_R0_data[24]' driven by pin 'softmaxV/vBuffer/memory_ext/R0_data[24]' has no loads. (LINT-2)
Warning: In design 'BriskKvAttentionTop', net 'softmaxV/vBuffer/_memory_ext_R0_data[25]' driven by pin 'softmaxV/vBuffer/memory_ext/R0_data[25]' has no loads. (LINT-2)
Warning: In design 'BriskKvAttentionTop', net 'softmaxV/vBuffer/_memory_ext_R0_data[26]' driven by pin 'softmaxV/vBuffer/memory_ext/R0_data[26]' has no loads. (LINT-2)
Warning: In design 'BriskKvAttentionTop', net 'softmaxV/vBuffer/_memory_ext_R0_data[27]' driven by pin 'softmaxV/vBuffer/memory_ext/R0_data[27]' has no loads. (LINT-2)
Warning: In design 'BriskKvAttentionTop', net 'softmaxV/vBuffer/_memory_ext_R0_data[28]' driven by pin 'softmaxV/vBuffer/memory_ext/R0_data[28]' has no loads. (LINT-2)
Warning: In design 'BriskKvAttentionTop', net 'softmaxV/vBuffer/_memory_ext_R0_data[29]' driven by pin 'softmaxV/vBuffer/memory_ext/R0_data[29]' has no loads. (LINT-2)
Warning: In design 'BriskKvAttentionTop', net 'softmaxV/vBuffer/_memory_ext_R0_data[30]' driven by pin 'softmaxV/vBuffer/memory_ext/R0_data[30]' has no loads. (LINT-2)
Warning: In design 'BriskKvAttentionTop', net 'softmaxV/vBuffer/_memory_ext_R0_data[31]' driven by pin 'softmaxV/vBuffer/memory_ext/R0_data[31]' has no loads. (LINT-2)
Warning: In design 'BriskKvAttentionTop', net 'softmaxV/vBuffer/_memory_ext_R0_data[32]' driven by pin 'softmaxV/vBuffer/memory_ext/R0_data[32]' has no loads. (LINT-2)
Warning: In design 'BriskKvAttentionTop', net 'softmaxV/vBuffer/_memory_ext_R0_data[33]' driven by pin 'softmaxV/vBuffer/memory_ext/R0_data[33]' has no loads. (LINT-2)
Warning: In design 'BriskKvAttentionTop', net 'softmaxV/vBuffer/_memory_ext_R0_data[34]' driven by pin 'softmaxV/vBuffer/memory_ext/R0_data[34]' has no loads. (LINT-2)
Warning: In design 'BriskKvAttentionTop', net 'softmaxV/vBuffer/_memory_ext_R0_data[99]' driven by pin 'softmaxV/vBuffer/memory_ext/R0_data[99]' has no loads. (LINT-2)
Warning: In design 'BriskKvAttentionTop', net 'softmaxV/vBuffer/_memory_ext_R0_data[100]' driven by pin 'softmaxV/vBuffer/memory_ext/R0_data[100]' has no loads. (LINT-2)
Warning: In design 'BriskKvAttentionTop', net 'softmaxV/vBuffer/_memory_ext_R0_data[101]' driven by pin 'softmaxV/vBuffer/memory_ext/R0_data[101]' has no loads. (LINT-2)
Warning: In design 'BriskKvAttentionTop', net 'softmaxV/vBuffer/_memory_ext_R0_data[102]' driven by pin 'softmaxV/vBuffer/memory_ext/R0_data[102]' has no loads. (LINT-2)
Warning: In design 'BriskKvAttentionTop', net 'softmaxV/vBuffer/_memory_ext_R0_data[103]' driven by pin 'softmaxV/vBuffer/memory_ext/R0_data[103]' has no loads. (LINT-2)
Warning: In design 'BriskKvAttentionTop', net 'softmaxV/vBuffer/_memory_ext_R0_data[104]' driven by pin 'softmaxV/vBuffer/memory_ext/R0_data[104]' has no loads. (LINT-2)
Warning: In design 'BriskKvAttentionTop', net 'softmaxV/vBuffer/_memory_ext_R0_data[105]' driven by pin 'softmaxV/vBuffer/memory_ext/R0_data[105]' has no loads. (LINT-2)
Warning: In design 'BriskKvAttentionTop', net 'softmaxV/vBuffer/_memory_ext_R0_data[106]' driven by pin 'softmaxV/vBuffer/memory_ext/R0_data[106]' has no loads. (LINT-2)
Warning: In design 'BriskKvAttentionTop', net 'softmaxV/vBuffer/_memory_ext_R0_data[107]' driven by pin 'softmaxV/vBuffer/memory_ext/R0_data[107]' has no loads. (LINT-2)
Warning: In design 'BriskKvAttentionTop', net 'softmaxV/vBuffer/_memory_ext_R0_data[108]' driven by pin 'softmaxV/vBuffer/memory_ext/R0_data[108]' has no loads. (LINT-2)
Warning: In design 'BriskKvAttentionTop', net 'softmaxV/vBuffer/_memory_ext_R0_data[109]' driven by pin 'softmaxV/vBuffer/memory_ext/R0_data[109]' has no loads. (LINT-2)
Warning: In design 'BriskKvAttentionTop', net 'softmaxV/vBuffer/_memory_ext_R0_data[110]' driven by pin 'softmaxV/vBuffer/memory_ext/R0_data[110]' has no loads. (LINT-2)
Warning: In design 'BriskKvAttentionTop', net 'softmaxV/vBuffer/_memory_ext_R0_data[111]' driven by pin 'softmaxV/vBuffer/memory_ext/R0_data[111]' has no loads. (LINT-2)
Warning: In design 'BriskKvAttentionTop', net 'softmaxV/vBuffer/_memory_ext_R0_data[112]' driven by pin 'softmaxV/vBuffer/memory_ext/R0_data[112]' has no loads. (LINT-2)
Warning: In design 'BriskKvAttentionTop', net 'softmaxV/vBuffer/_memory_ext_R0_data[113]' driven by pin 'softmaxV/vBuffer/memory_ext/R0_data[113]' has no loads. (LINT-2)
Warning: In design 'BriskKvAttentionTop', net 'softmaxV/vBuffer/_memory_ext_R0_data[114]' driven by pin 'softmaxV/vBuffer/memory_ext/R0_data[114]' has no loads. (LINT-2)
Warning: In design 'BriskKvAttentionTop', net 'softmaxV/vBuffer/_memory_ext_R0_data[115]' driven by pin 'softmaxV/vBuffer/memory_ext/R0_data[115]' has no loads. (LINT-2)
Warning: In design 'BriskKvAttentionTop', net 'softmaxV/vBuffer/_memory_ext_R0_data[116]' driven by pin 'softmaxV/vBuffer/memory_ext/R0_data[116]' has no loads. (LINT-2)
Warning: In design 'BriskKvAttentionTop', net 'softmaxV/vBuffer/_memory_ext_R0_data[117]' driven by pin 'softmaxV/vBuffer/memory_ext/R0_data[117]' has no loads. (LINT-2)
Warning: In design 'BriskKvAttentionTop', net 'softmaxV/vBuffer/_memory_ext_R0_data[118]' driven by pin 'softmaxV/vBuffer/memory_ext/R0_data[118]' has no loads. (LINT-2)
Warning: In design 'BriskKvAttentionTop', net 'softmaxV/vBuffer/_memory_ext_R0_data[119]' driven by pin 'softmaxV/vBuffer/memory_ext/R0_data[119]' has no loads. (LINT-2)
Warning: In design 'BriskKvAttentionTop', net 'softmaxV/vBuffer/_memory_ext_R0_data[120]' driven by pin 'softmaxV/vBuffer/memory_ext/R0_data[120]' has no loads. (LINT-2)
Warning: In design 'BriskKvAttentionTop', net 'softmaxV/vBuffer/_memory_ext_R0_data[121]' driven by pin 'softmaxV/vBuffer/memory_ext/R0_data[121]' has no loads. (LINT-2)
Warning: In design 'BriskKvAttentionTop', net 'softmaxV/vBuffer/_memory_ext_R0_data[122]' driven by pin 'softmaxV/vBuffer/memory_ext/R0_data[122]' has no loads. (LINT-2)
Warning: In design 'BriskKvAttentionTop', net 'softmaxV/vBuffer/_memory_ext_R0_data[123]' driven by pin 'softmaxV/vBuffer/memory_ext/R0_data[123]' has no loads. (LINT-2)
Warning: In design 'BriskKvAttentionTop', net 'softmaxV/vBuffer/_memory_ext_R0_data[124]' driven by pin 'softmaxV/vBuffer/memory_ext/R0_data[124]' has no loads. (LINT-2)
Warning: In design 'BriskKvAttentionTop', net 'softmaxV/vBuffer/_memory_ext_R0_data[125]' driven by pin 'softmaxV/vBuffer/memory_ext/R0_data[125]' has no loads. (LINT-2)
Warning: In design 'BriskKvAttentionTop', net 'softmaxV/vBuffer/_memory_ext_R0_data[126]' driven by pin 'softmaxV/vBuffer/memory_ext/R0_data[126]' has no loads. (LINT-2)
Warning: In design 'BriskKvAttentionTop', net 'softmaxV/vBuffer/_memory_ext_R0_data[127]' driven by pin 'softmaxV/vBuffer/memory_ext/R0_data[127]' has no loads. (LINT-2)
Warning: In design 'BriskKvAttentionTop', net 'softmaxV/vBuffer/_memory_ext_R0_data[128]' driven by pin 'softmaxV/vBuffer/memory_ext/R0_data[128]' has no loads. (LINT-2)
Warning: In design 'BriskKvAttentionTop', net 'softmaxV/vBuffer/_memory_ext_R0_data[129]' driven by pin 'softmaxV/vBuffer/memory_ext/R0_data[129]' has no loads. (LINT-2)
Warning: In design 'BriskKvAttentionTop', net 'softmaxV/vBuffer/_memory_ext_R0_data[130]' driven by pin 'softmaxV/vBuffer/memory_ext/R0_data[130]' has no loads. (LINT-2)
Warning: In design 'BriskKvAttentionTop', net 'softmaxV/accumulator/_weightMemory_ext_R0_data[0]' driven by pin 'softmaxV/accumulator/weightMemory_ext/R0_data[0]' has no loads. (LINT-2)
Warning: In design 'BriskKvAttentionTop', net 'softmaxV/accumulator/_weightMemory_ext_R0_data[1]' driven by pin 'softmaxV/accumulator/weightMemory_ext/R0_data[1]' has no loads. (LINT-2)
Warning: In design 'BriskKvAttentionTop', net 'softmaxV/accumulator/_weightMemory_ext_R0_data[2]' driven by pin 'softmaxV/accumulator/weightMemory_ext/R0_data[2]' has no loads. (LINT-2)
Warning: In design 'BriskKvAttentionTop', net 'softmaxV/accumulator/_weightMemory_ext_R0_data[3]' driven by pin 'softmaxV/accumulator/weightMemory_ext/R0_data[3]' has no loads. (LINT-2)
Warning: In design 'BriskKvAttentionTop', net 'softmaxV/accumulator/_weightMemory_ext_R0_data[4]' driven by pin 'softmaxV/accumulator/weightMemory_ext/R0_data[4]' has no loads. (LINT-2)
Warning: In design 'BriskKvAttentionTop', net 'softmaxV/accumulator/_weightMemory_ext_R0_data[5]' driven by pin 'softmaxV/accumulator/weightMemory_ext/R0_data[5]' has no loads. (LINT-2)
Warning: In design 'BriskKvAttentionTop', net 'softmaxV/accumulator/_weightMemory_ext_R0_data[6]' driven by pin 'softmaxV/accumulator/weightMemory_ext/R0_data[6]' has no loads. (LINT-2)
Warning: In design 'BriskKvAttentionTop', net 'softmaxV/accumulator/_weightMemory_ext_R0_data[7]' driven by pin 'softmaxV/accumulator/weightMemory_ext/R0_data[7]' has no loads. (LINT-2)
Warning: In design 'BriskKvAttentionTop', net 'softmaxV/accumulator/_weightMemory_ext_R0_data[8]' driven by pin 'softmaxV/accumulator/weightMemory_ext/R0_data[8]' has no loads. (LINT-2)
Warning: In design 'BriskKvAttentionTop', net 'softmaxV/accumulator/_weightMemory_ext_R0_data[9]' driven by pin 'softmaxV/accumulator/weightMemory_ext/R0_data[9]' has no loads. (LINT-2)
Warning: In design 'BriskKvAttentionTop', net 'softmaxV/accumulator/_weightMemory_ext_R0_data[10]' driven by pin 'softmaxV/accumulator/weightMemory_ext/R0_data[10]' has no loads. (LINT-2)
Warning: In design 'BriskKvAttentionTop', net 'softmaxV/accumulator/_weightMemory_ext_R0_data[11]' driven by pin 'softmaxV/accumulator/weightMemory_ext/R0_data[11]' has no loads. (LINT-2)
Warning: In design 'BriskKvAttentionTop', net 'softmaxV/accumulator/_weightMemory_ext_R0_data[12]' driven by pin 'softmaxV/accumulator/weightMemory_ext/R0_data[12]' has no loads. (LINT-2)
Warning: In design 'BriskKvAttentionTop', net 'softmaxV/accumulator/_weightMemory_ext_R0_data[13]' driven by pin 'softmaxV/accumulator/weightMemory_ext/R0_data[13]' has no loads. (LINT-2)
Warning: In design 'BriskKvAttentionTop', net 'softmaxV/accumulator/_weightMemory_ext_R0_data[14]' driven by pin 'softmaxV/accumulator/weightMemory_ext/R0_data[14]' has no loads. (LINT-2)
Warning: In design 'BriskKvAttentionTop', net 'softmaxV/accumulator/_weightMemory_ext_R0_data[15]' driven by pin 'softmaxV/accumulator/weightMemory_ext/R0_data[15]' has no loads. (LINT-2)
Warning: In design 'BriskKvAttentionTop', net 'softmaxV/accumulator/_weightMemory_ext_R0_data[16]' driven by pin 'softmaxV/accumulator/weightMemory_ext/R0_data[16]' has no loads. (LINT-2)
Warning: In design 'BriskKvAttentionTop', net 'softmaxV/accumulator/_weightMemory_ext_R0_data[17]' driven by pin 'softmaxV/accumulator/weightMemory_ext/R0_data[17]' has no loads. (LINT-2)
Warning: In design 'BriskKvAttentionTop', net 'softmaxV/accumulator/_weightMemory_ext_R0_data[18]' driven by pin 'softmaxV/accumulator/weightMemory_ext/R0_data[18]' has no loads. (LINT-2)
Warning: In design 'BriskKvAttentionTop', net 'softmaxV/accumulator/_weightMemory_ext_R0_data[19]' driven by pin 'softmaxV/accumulator/weightMemory_ext/R0_data[19]' has no loads. (LINT-2)
Warning: In design 'BriskKvAttentionTop', net 'softmaxV/accumulator/_weightMemory_ext_R0_data[20]' driven by pin 'softmaxV/accumulator/weightMemory_ext/R0_data[20]' has no loads. (LINT-2)
Warning: In design 'BriskKvAttentionTop', net 'softmaxV/accumulator/_weightMemory_ext_R0_data[21]' driven by pin 'softmaxV/accumulator/weightMemory_ext/R0_data[21]' has no loads. (LINT-2)
Warning: In design 'BriskKvAttentionTop', net 'softmaxV/accumulator/_weightMemory_ext_R0_data[22]' driven by pin 'softmaxV/accumulator/weightMemory_ext/R0_data[22]' has no loads. (LINT-2)
Warning: In design 'BriskKvAttentionTop', net 'softmaxV/accumulator/_weightMemory_ext_R0_data[23]' driven by pin 'softmaxV/accumulator/weightMemory_ext/R0_data[23]' has no loads. (LINT-2)
Warning: In design 'BriskKvAttentionTop', net 'softmaxV/accumulator/_weightMemory_ext_R0_data[24]' driven by pin 'softmaxV/accumulator/weightMemory_ext/R0_data[24]' has no loads. (LINT-2)
Warning: In design 'BriskKvAttentionTop', net 'softmaxV/accumulator/_weightMemory_ext_R0_data[25]' driven by pin 'softmaxV/accumulator/weightMemory_ext/R0_data[25]' has no loads. (LINT-2)
Warning: In design 'BriskKvAttentionTop', net 'softmaxV/accumulator/_weightMemory_ext_R0_data[26]' driven by pin 'softmaxV/accumulator/weightMemory_ext/R0_data[26]' has no loads. (LINT-2)
Warning: In design 'BriskKvAttentionTop', net 'softmaxV/accumulator/_weightMemory_ext_R0_data[27]' driven by pin 'softmaxV/accumulator/weightMemory_ext/R0_data[27]' has no loads. (LINT-2)
Warning: In design 'BriskKvAttentionTop', net 'softmaxV/accumulator/_weightMemory_ext_R0_data[28]' driven by pin 'softmaxV/accumulator/weightMemory_ext/R0_data[28]' has no loads. (LINT-2)
Warning: In design 'BriskKvAttentionTop', net 'softmaxV/accumulator/_weightMemory_ext_R0_data[29]' driven by pin 'softmaxV/accumulator/weightMemory_ext/R0_data[29]' has no loads. (LINT-2)
Warning: In design 'BriskKvAttentionTop', net 'softmaxV/accumulator/_weightMemory_ext_R0_data[30]' driven by pin 'softmaxV/accumulator/weightMemory_ext/R0_data[30]' has no loads. (LINT-2)
Warning: In design 'BriskKvAttentionTop', net 'softmaxV/accumulator/_weightMemory_ext_R0_data[31]' driven by pin 'softmaxV/accumulator/weightMemory_ext/R0_data[31]' has no loads. (LINT-2)
Warning: In design 'BriskKvAttentionTop', net 'softmaxV/accumulator/_weightMemory_ext_R0_data[32]' driven by pin 'softmaxV/accumulator/weightMemory_ext/R0_data[32]' has no loads. (LINT-2)
Warning: In design 'BriskKvAttentionTop', net 'softmaxV/accumulator/_weightMemory_ext_R0_data[33]' driven by pin 'softmaxV/accumulator/weightMemory_ext/R0_data[33]' has no loads. (LINT-2)
Warning: In design 'BriskKvAttentionTop', net 'softmaxV/accumulator/_weightMemory_ext_R0_data[34]' driven by pin 'softmaxV/accumulator/weightMemory_ext/R0_data[34]' has no loads. (LINT-2)
Warning: In design 'ram_2x83', port 'R0_en' is not connected to any nets. (LINT-28)
Warning: In design 'ram_2x83', port 'R0_clk' is not connected to any nets. (LINT-28)
Warning: In design 'BufferedPackMetadataDequantizer', port 'io_qIn_bits_value[7]' is not connected to any nets. (LINT-28)
Warning: In design 'BufferedPackMetadataDequantizer', port 'io_qIn_bits_value[6]' is not connected to any nets. (LINT-28)
Warning: In design 'BufferedPackMetadataDequantizer_1', port 'io_qIn_bits_value[7]' is not connected to any nets. (LINT-28)
Warning: In design 'BufferedPackMetadataDequantizer_1', port 'io_qIn_bits_value[6]' is not connected to any nets. (LINT-28)
Warning: In design 'BufferedPackMetadataDequantizer_1', port 'io_qIn_bits_value[5]' is not connected to any nets. (LINT-28)
Warning: In design 'BufferedPackMetadataDequantizer_1', port 'io_qIn_bits_value[4]' is not connected to any nets. (LINT-28)
Warning: In design 'BufferedPackMetadataDequantizer', input port 'io_qIn_bits_descriptorIndex[31]' is connected directly to output port 'io_out_bits_descriptorIndex[31]'. (LINT-29)
Warning: In design 'BufferedPackMetadataDequantizer', input port 'io_qIn_bits_descriptorIndex[30]' is connected directly to output port 'io_out_bits_descriptorIndex[30]'. (LINT-29)
Warning: In design 'BufferedPackMetadataDequantizer', input port 'io_qIn_bits_descriptorIndex[29]' is connected directly to output port 'io_out_bits_descriptorIndex[29]'. (LINT-29)
Warning: In design 'BufferedPackMetadataDequantizer', input port 'io_qIn_bits_descriptorIndex[28]' is connected directly to output port 'io_out_bits_descriptorIndex[28]'. (LINT-29)
Warning: In design 'BufferedPackMetadataDequantizer', input port 'io_qIn_bits_descriptorIndex[27]' is connected directly to output port 'io_out_bits_descriptorIndex[27]'. (LINT-29)
Warning: In design 'BufferedPackMetadataDequantizer', input port 'io_qIn_bits_descriptorIndex[26]' is connected directly to output port 'io_out_bits_descriptorIndex[26]'. (LINT-29)
Warning: In design 'BufferedPackMetadataDequantizer', input port 'io_qIn_bits_descriptorIndex[25]' is connected directly to output port 'io_out_bits_descriptorIndex[25]'. (LINT-29)
Warning: In design 'BufferedPackMetadataDequantizer', input port 'io_qIn_bits_descriptorIndex[24]' is connected directly to output port 'io_out_bits_descriptorIndex[24]'. (LINT-29)
Warning: In design 'BufferedPackMetadataDequantizer', input port 'io_qIn_bits_descriptorIndex[23]' is connected directly to output port 'io_out_bits_descriptorIndex[23]'. (LINT-29)
Warning: In design 'BufferedPackMetadataDequantizer', input port 'io_qIn_bits_descriptorIndex[22]' is connected directly to output port 'io_out_bits_descriptorIndex[22]'. (LINT-29)
Warning: In design 'BufferedPackMetadataDequantizer', input port 'io_qIn_bits_descriptorIndex[21]' is connected directly to output port 'io_out_bits_descriptorIndex[21]'. (LINT-29)
Warning: In design 'BufferedPackMetadataDequantizer', input port 'io_qIn_bits_descriptorIndex[20]' is connected directly to output port 'io_out_bits_descriptorIndex[20]'. (LINT-29)
Warning: In design 'BufferedPackMetadataDequantizer', input port 'io_qIn_bits_descriptorIndex[19]' is connected directly to output port 'io_out_bits_descriptorIndex[19]'. (LINT-29)
Warning: In design 'BufferedPackMetadataDequantizer', input port 'io_qIn_bits_descriptorIndex[18]' is connected directly to output port 'io_out_bits_descriptorIndex[18]'. (LINT-29)
Warning: In design 'BufferedPackMetadataDequantizer', input port 'io_qIn_bits_descriptorIndex[17]' is connected directly to output port 'io_out_bits_descriptorIndex[17]'. (LINT-29)
Warning: In design 'BufferedPackMetadataDequantizer', input port 'io_qIn_bits_descriptorIndex[16]' is connected directly to output port 'io_out_bits_descriptorIndex[16]'. (LINT-29)
Warning: In design 'BufferedPackMetadataDequantizer', input port 'io_qIn_bits_descriptorIndex[15]' is connected directly to output port 'io_out_bits_descriptorIndex[15]'. (LINT-29)
Warning: In design 'BufferedPackMetadataDequantizer', input port 'io_qIn_bits_descriptorIndex[14]' is connected directly to output port 'io_out_bits_descriptorIndex[14]'. (LINT-29)
Warning: In design 'BufferedPackMetadataDequantizer', input port 'io_qIn_bits_descriptorIndex[13]' is connected directly to output port 'io_out_bits_descriptorIndex[13]'. (LINT-29)
Warning: In design 'BufferedPackMetadataDequantizer', input port 'io_qIn_bits_descriptorIndex[12]' is connected directly to output port 'io_out_bits_descriptorIndex[12]'. (LINT-29)
Warning: In design 'BufferedPackMetadataDequantizer', input port 'io_qIn_bits_descriptorIndex[11]' is connected directly to output port 'io_out_bits_descriptorIndex[11]'. (LINT-29)
Warning: In design 'BufferedPackMetadataDequantizer', input port 'io_qIn_bits_descriptorIndex[10]' is connected directly to output port 'io_out_bits_descriptorIndex[10]'. (LINT-29)
Warning: In design 'BufferedPackMetadataDequantizer', input port 'io_qIn_bits_descriptorIndex[9]' is connected directly to output port 'io_out_bits_descriptorIndex[9]'. (LINT-29)
Warning: In design 'BufferedPackMetadataDequantizer', input port 'io_qIn_bits_descriptorIndex[8]' is connected directly to output port 'io_out_bits_descriptorIndex[8]'. (LINT-29)
Warning: In design 'BufferedPackMetadataDequantizer', input port 'io_qIn_bits_descriptorIndex[7]' is connected directly to output port 'io_out_bits_descriptorIndex[7]'. (LINT-29)
Warning: In design 'BufferedPackMetadataDequantizer', input port 'io_qIn_bits_descriptorIndex[6]' is connected directly to output port 'io_out_bits_descriptorIndex[6]'. (LINT-29)
Warning: In design 'BufferedPackMetadataDequantizer', input port 'io_qIn_bits_descriptorIndex[5]' is connected directly to output port 'io_out_bits_descriptorIndex[5]'. (LINT-29)
Warning: In design 'BufferedPackMetadataDequantizer', input port 'io_qIn_bits_descriptorIndex[4]' is connected directly to output port 'io_out_bits_descriptorIndex[4]'. (LINT-29)
Warning: In design 'BufferedPackMetadataDequantizer', input port 'io_qIn_bits_descriptorIndex[3]' is connected directly to output port 'io_out_bits_descriptorIndex[3]'. (LINT-29)
Warning: In design 'BufferedPackMetadataDequantizer', input port 'io_qIn_bits_descriptorIndex[2]' is connected directly to output port 'io_out_bits_descriptorIndex[2]'. (LINT-29)
Warning: In design 'BufferedPackMetadataDequantizer', input port 'io_qIn_bits_descriptorIndex[1]' is connected directly to output port 'io_out_bits_descriptorIndex[1]'. (LINT-29)
Warning: In design 'BufferedPackMetadataDequantizer', input port 'io_qIn_bits_descriptorIndex[0]' is connected directly to output port 'io_out_bits_descriptorIndex[0]'. (LINT-29)
Warning: In design 'BufferedPackMetadataDequantizer', input port 'io_qIn_bits_tokenIndex[3]' is connected directly to output port 'io_out_bits_tokenIndex[3]'. (LINT-29)
Warning: In design 'BufferedPackMetadataDequantizer', input port 'io_qIn_bits_tokenIndex[2]' is connected directly to output port 'io_out_bits_tokenIndex[2]'. (LINT-29)
Warning: In design 'BufferedPackMetadataDequantizer', input port 'io_qIn_bits_tokenIndex[1]' is connected directly to output port 'io_out_bits_tokenIndex[1]'. (LINT-29)
Warning: In design 'BufferedPackMetadataDequantizer', input port 'io_qIn_bits_tokenIndex[0]' is connected directly to output port 'io_out_bits_tokenIndex[0]'. (LINT-29)
Warning: In design 'BufferedPackMetadataDequantizer_1', input port 'io_qIn_bits_descriptorIndex[31]' is connected directly to output port 'io_out_bits_descriptorIndex[31]'. (LINT-29)
Warning: In design 'BufferedPackMetadataDequantizer_1', input port 'io_qIn_bits_descriptorIndex[30]' is connected directly to output port 'io_out_bits_descriptorIndex[30]'. (LINT-29)
Warning: In design 'BufferedPackMetadataDequantizer_1', input port 'io_qIn_bits_descriptorIndex[29]' is connected directly to output port 'io_out_bits_descriptorIndex[29]'. (LINT-29)
Warning: In design 'BufferedPackMetadataDequantizer_1', input port 'io_qIn_bits_descriptorIndex[28]' is connected directly to output port 'io_out_bits_descriptorIndex[28]'. (LINT-29)
Warning: In design 'BufferedPackMetadataDequantizer_1', input port 'io_qIn_bits_descriptorIndex[27]' is connected directly to output port 'io_out_bits_descriptorIndex[27]'. (LINT-29)
Warning: In design 'BufferedPackMetadataDequantizer_1', input port 'io_qIn_bits_descriptorIndex[26]' is connected directly to output port 'io_out_bits_descriptorIndex[26]'. (LINT-29)
Warning: In design 'BufferedPackMetadataDequantizer_1', input port 'io_qIn_bits_descriptorIndex[25]' is connected directly to output port 'io_out_bits_descriptorIndex[25]'. (LINT-29)
Warning: In design 'BufferedPackMetadataDequantizer_1', input port 'io_qIn_bits_descriptorIndex[24]' is connected directly to output port 'io_out_bits_descriptorIndex[24]'. (LINT-29)
Warning: In design 'BufferedPackMetadataDequantizer_1', input port 'io_qIn_bits_descriptorIndex[23]' is connected directly to output port 'io_out_bits_descriptorIndex[23]'. (LINT-29)
Warning: In design 'BufferedPackMetadataDequantizer_1', input port 'io_qIn_bits_descriptorIndex[22]' is connected directly to output port 'io_out_bits_descriptorIndex[22]'. (LINT-29)
Warning: In design 'BufferedPackMetadataDequantizer_1', input port 'io_qIn_bits_descriptorIndex[21]' is connected directly to output port 'io_out_bits_descriptorIndex[21]'. (LINT-29)
Warning: In design 'BufferedPackMetadataDequantizer_1', input port 'io_qIn_bits_descriptorIndex[20]' is connected directly to output port 'io_out_bits_descriptorIndex[20]'. (LINT-29)
Warning: In design 'BufferedPackMetadataDequantizer_1', input port 'io_qIn_bits_descriptorIndex[19]' is connected directly to output port 'io_out_bits_descriptorIndex[19]'. (LINT-29)
Warning: In design 'BufferedPackMetadataDequantizer_1', input port 'io_qIn_bits_descriptorIndex[18]' is connected directly to output port 'io_out_bits_descriptorIndex[18]'. (LINT-29)
Warning: In design 'BufferedPackMetadataDequantizer_1', input port 'io_qIn_bits_descriptorIndex[17]' is connected directly to output port 'io_out_bits_descriptorIndex[17]'. (LINT-29)
Warning: In design 'BufferedPackMetadataDequantizer_1', input port 'io_qIn_bits_descriptorIndex[16]' is connected directly to output port 'io_out_bits_descriptorIndex[16]'. (LINT-29)
Warning: In design 'BufferedPackMetadataDequantizer_1', input port 'io_qIn_bits_descriptorIndex[15]' is connected directly to output port 'io_out_bits_descriptorIndex[15]'. (LINT-29)
Warning: In design 'BufferedPackMetadataDequantizer_1', input port 'io_qIn_bits_descriptorIndex[14]' is connected directly to output port 'io_out_bits_descriptorIndex[14]'. (LINT-29)
Warning: In design 'BufferedPackMetadataDequantizer_1', input port 'io_qIn_bits_descriptorIndex[13]' is connected directly to output port 'io_out_bits_descriptorIndex[13]'. (LINT-29)
Warning: In design 'BufferedPackMetadataDequantizer_1', input port 'io_qIn_bits_descriptorIndex[12]' is connected directly to output port 'io_out_bits_descriptorIndex[12]'. (LINT-29)
Warning: In design 'BufferedPackMetadataDequantizer_1', input port 'io_qIn_bits_descriptorIndex[11]' is connected directly to output port 'io_out_bits_descriptorIndex[11]'. (LINT-29)
Warning: In design 'BufferedPackMetadataDequantizer_1', input port 'io_qIn_bits_descriptorIndex[10]' is connected directly to output port 'io_out_bits_descriptorIndex[10]'. (LINT-29)
Warning: In design 'BufferedPackMetadataDequantizer_1', input port 'io_qIn_bits_descriptorIndex[9]' is connected directly to output port 'io_out_bits_descriptorIndex[9]'. (LINT-29)
Warning: In design 'BufferedPackMetadataDequantizer_1', input port 'io_qIn_bits_descriptorIndex[8]' is connected directly to output port 'io_out_bits_descriptorIndex[8]'. (LINT-29)
Warning: In design 'BufferedPackMetadataDequantizer_1', input port 'io_qIn_bits_descriptorIndex[7]' is connected directly to output port 'io_out_bits_descriptorIndex[7]'. (LINT-29)
Warning: In design 'BufferedPackMetadataDequantizer_1', input port 'io_qIn_bits_descriptorIndex[6]' is connected directly to output port 'io_out_bits_descriptorIndex[6]'. (LINT-29)
Warning: In design 'BufferedPackMetadataDequantizer_1', input port 'io_qIn_bits_descriptorIndex[5]' is connected directly to output port 'io_out_bits_descriptorIndex[5]'. (LINT-29)
Warning: In design 'BufferedPackMetadataDequantizer_1', input port 'io_qIn_bits_descriptorIndex[4]' is connected directly to output port 'io_out_bits_descriptorIndex[4]'. (LINT-29)
Warning: In design 'BufferedPackMetadataDequantizer_1', input port 'io_qIn_bits_descriptorIndex[3]' is connected directly to output port 'io_out_bits_descriptorIndex[3]'. (LINT-29)
Warning: In design 'BufferedPackMetadataDequantizer_1', input port 'io_qIn_bits_descriptorIndex[2]' is connected directly to output port 'io_out_bits_descriptorIndex[2]'. (LINT-29)
Warning: In design 'BufferedPackMetadataDequantizer_1', input port 'io_qIn_bits_descriptorIndex[1]' is connected directly to output port 'io_out_bits_descriptorIndex[1]'. (LINT-29)
Warning: In design 'BufferedPackMetadataDequantizer_1', input port 'io_qIn_bits_descriptorIndex[0]' is connected directly to output port 'io_out_bits_descriptorIndex[0]'. (LINT-29)
Warning: In design 'BufferedPackMetadataDequantizer_1', input port 'io_qIn_bits_tokenIndex[3]' is connected directly to output port 'io_out_bits_tokenIndex[3]'. (LINT-29)
Warning: In design 'BufferedPackMetadataDequantizer_1', input port 'io_qIn_bits_tokenIndex[2]' is connected directly to output port 'io_out_bits_tokenIndex[2]'. (LINT-29)
Warning: In design 'BufferedPackMetadataDequantizer_1', input port 'io_qIn_bits_tokenIndex[1]' is connected directly to output port 'io_out_bits_tokenIndex[1]'. (LINT-29)
Warning: In design 'BufferedPackMetadataDequantizer_1', input port 'io_qIn_bits_tokenIndex[0]' is connected directly to output port 'io_out_bits_tokenIndex[0]'. (LINT-29)
Warning: In design 'Po2FixedPointDequantizer', input port 'io_in_valid' is connected directly to output port 'io_out_valid'. (LINT-29)
Warning: In design 'Po2FixedPointDequantizer', input port 'io_out_ready' is connected directly to output port 'io_in_ready'. (LINT-29)
Warning: In design 'Po2FixedPointDequantizer_1', input port 'io_in_valid' is connected directly to output port 'io_out_valid'. (LINT-29)
Warning: In design 'Po2FixedPointDequantizer_1', input port 'io_out_ready' is connected directly to output port 'io_in_ready'. (LINT-29)
Warning: In design 'BriskKvComputeInterface', output port 'io_acceptedPackCount[31]' is connected directly to output port 'io_acceptedPackCount[28]'. (LINT-31)
Warning: In design 'BriskKvComputeInterface', output port 'io_acceptedPackCount[31]' is connected directly to output port 'io_acceptedPackCount[29]'. (LINT-31)
Warning: In design 'BriskKvComputeInterface', output port 'io_acceptedPackCount[31]' is connected directly to output port 'io_acceptedPackCount[30]'. (LINT-31)
Warning: In design 'DualKvDecompressionController', output port 'io_result_bits_bucketRecords[31]' is connected directly to output port 'io_progress_bucketRecords[31]'. (LINT-31)
Warning: In design 'DualKvDecompressionController', output port 'io_result_bits_bucketRecords[30]' is connected directly to output port 'io_progress_bucketRecords[30]'. (LINT-31)
Warning: In design 'DualKvDecompressionController', output port 'io_result_bits_bucketRecords[29]' is connected directly to output port 'io_progress_bucketRecords[29]'. (LINT-31)
Warning: In design 'DualKvDecompressionController', output port 'io_result_bits_bucketRecords[28]' is connected directly to output port 'io_progress_bucketRecords[28]'. (LINT-31)
Warning: In design 'DualKvDecompressionController', output port 'io_result_bits_bucketRecords[27]' is connected directly to output port 'io_progress_bucketRecords[27]'. (LINT-31)
Warning: In design 'DualKvDecompressionController', output port 'io_result_bits_bucketRecords[26]' is connected directly to output port 'io_progress_bucketRecords[26]'. (LINT-31)
Warning: In design 'DualKvDecompressionController', output port 'io_result_bits_bucketRecords[25]' is connected directly to output port 'io_progress_bucketRecords[25]'. (LINT-31)
Warning: In design 'DualKvDecompressionController', output port 'io_result_bits_bucketRecords[24]' is connected directly to output port 'io_progress_bucketRecords[24]'. (LINT-31)
Warning: In design 'DualKvDecompressionController', output port 'io_result_bits_bucketRecords[23]' is connected directly to output port 'io_progress_bucketRecords[23]'. (LINT-31)
Warning: In design 'DualKvDecompressionController', output port 'io_result_bits_bucketRecords[22]' is connected directly to output port 'io_progress_bucketRecords[22]'. (LINT-31)
Warning: In design 'DualKvDecompressionController', output port 'io_result_bits_bucketRecords[21]' is connected directly to output port 'io_progress_bucketRecords[21]'. (LINT-31)
Warning: In design 'DualKvDecompressionController', output port 'io_result_bits_bucketRecords[20]' is connected directly to output port 'io_progress_bucketRecords[20]'. (LINT-31)
Warning: In design 'DualKvDecompressionController', output port 'io_result_bits_bucketRecords[19]' is connected directly to output port 'io_progress_bucketRecords[19]'. (LINT-31)
Warning: In design 'DualKvDecompressionController', output port 'io_result_bits_bucketRecords[18]' is connected directly to output port 'io_progress_bucketRecords[18]'. (LINT-31)
Warning: In design 'DualKvDecompressionController', output port 'io_result_bits_bucketRecords[17]' is connected directly to output port 'io_progress_bucketRecords[17]'. (LINT-31)
Warning: In design 'DualKvDecompressionController', output port 'io_result_bits_bucketRecords[16]' is connected directly to output port 'io_progress_bucketRecords[16]'. (LINT-31)
Warning: In design 'DualKvDecompressionController', output port 'io_result_bits_bucketRecords[15]' is connected directly to output port 'io_progress_bucketRecords[15]'. (LINT-31)
Warning: In design 'DualKvDecompressionController', output port 'io_result_bits_bucketRecords[14]' is connected directly to output port 'io_progress_bucketRecords[14]'. (LINT-31)
Warning: In design 'DualKvDecompressionController', output port 'io_result_bits_bucketRecords[13]' is connected directly to output port 'io_progress_bucketRecords[13]'. (LINT-31)
Warning: In design 'DualKvDecompressionController', output port 'io_result_bits_bucketRecords[12]' is connected directly to output port 'io_progress_bucketRecords[12]'. (LINT-31)
Warning: In design 'DualKvDecompressionController', output port 'io_result_bits_bucketRecords[11]' is connected directly to output port 'io_progress_bucketRecords[11]'. (LINT-31)
Warning: In design 'DualKvDecompressionController', output port 'io_result_bits_bucketRecords[10]' is connected directly to output port 'io_progress_bucketRecords[10]'. (LINT-31)
Warning: In design 'DualKvDecompressionController', output port 'io_result_bits_bucketRecords[9]' is connected directly to output port 'io_progress_bucketRecords[9]'. (LINT-31)
Warning: In design 'DualKvDecompressionController', output port 'io_result_bits_bucketRecords[8]' is connected directly to output port 'io_progress_bucketRecords[8]'. (LINT-31)
Warning: In design 'DualKvDecompressionController', output port 'io_result_bits_bucketRecords[7]' is connected directly to output port 'io_progress_bucketRecords[7]'. (LINT-31)
Warning: In design 'DualKvDecompressionController', output port 'io_result_bits_bucketRecords[6]' is connected directly to output port 'io_progress_bucketRecords[6]'. (LINT-31)
Warning: In design 'DualKvDecompressionController', output port 'io_result_bits_bucketRecords[5]' is connected directly to output port 'io_progress_bucketRecords[5]'. (LINT-31)
Warning: In design 'DualKvDecompressionController', output port 'io_result_bits_bucketRecords[4]' is connected directly to output port 'io_progress_bucketRecords[4]'. (LINT-31)
Warning: In design 'DualKvDecompressionController', output port 'io_result_bits_bucketRecords[3]' is connected directly to output port 'io_progress_bucketRecords[3]'. (LINT-31)
Warning: In design 'DualKvDecompressionController', output port 'io_result_bits_bucketRecords[2]' is connected directly to output port 'io_progress_bucketRecords[2]'. (LINT-31)
Warning: In design 'DualKvDecompressionController', output port 'io_result_bits_bucketRecords[1]' is connected directly to output port 'io_progress_bucketRecords[1]'. (LINT-31)
Warning: In design 'DualKvDecompressionController', output port 'io_result_bits_bucketRecords[0]' is connected directly to output port 'io_progress_bucketRecords[0]'. (LINT-31)
Warning: In design 'CompactMetadataDecoder', output port 'io_out_bits[7]' is connected directly to output port 'io_out_bits[6]'. (LINT-31)
Warning: In design 'CompactMetadataDecoder_1', output port 'io_out_bits[7]' is connected directly to output port 'io_out_bits[3]'. (LINT-31)
Warning: In design 'CompactMetadataDecoder_1', output port 'io_out_bits[7]' is connected directly to output port 'io_out_bits[4]'. (LINT-31)
Warning: In design 'CompactMetadataDecoder_1', output port 'io_out_bits[7]' is connected directly to output port 'io_out_bits[5]'. (LINT-31)
Warning: In design 'CompactMetadataDecoder_1', output port 'io_out_bits[7]' is connected directly to output port 'io_out_bits[6]'. (LINT-31)
Warning: In design 'CompactMetadataDecoder_2', output port 'io_out_bits[7]' is connected directly to output port 'io_out_bits[4]'. (LINT-31)
Warning: In design 'CompactMetadataDecoder_2', output port 'io_out_bits[7]' is connected directly to output port 'io_out_bits[5]'. (LINT-31)
Warning: In design 'CompactMetadataDecoder_2', output port 'io_out_bits[7]' is connected directly to output port 'io_out_bits[6]'. (LINT-31)
Warning: In design 'PackDescriptorDecoder', output port 'io_out_bits_minimum[7]' is connected directly to output port 'io_out_bits_minimum[6]'. (LINT-31)
Warning: In design 'PackDescriptorDecoder_1', output port 'io_out_bits_minimum[7]' is connected directly to output port 'io_out_bits_minimum[4]'. (LINT-31)
Warning: In design 'PackDescriptorDecoder_1', output port 'io_out_bits_minimum[7]' is connected directly to output port 'io_out_bits_minimum[5]'. (LINT-31)
Warning: In design 'PackDescriptorDecoder_1', output port 'io_out_bits_minimum[7]' is connected directly to output port 'io_out_bits_minimum[6]'. (LINT-31)
Warning: In design 'Queue2_QueryFeature', a pin on submodule 'ram_ext' is connected to logic 1 or logic 0. (LINT-32)
   Pin 'R0_en' is connected to logic 1. 
Warning: In design 'Queue2_QueryFeature', the same net is connected to more than one pin on submodule 'ram_ext'. (LINT-33)
   Net 'clock' is connected to pins 'R0_clk', 'W0_clk''.
Warning: In design 'BriskKvComputeInterface', output port 'io_acceptedPackCount[31]' is connected directly to 'logic 0'. (LINT-52)
Warning: In design 'BriskKvComputeInterface', output port 'io_acceptedPackCount[30]' is connected directly to 'logic 0'. (LINT-52)
Warning: In design 'BriskKvComputeInterface', output port 'io_acceptedPackCount[29]' is connected directly to 'logic 0'. (LINT-52)
Warning: In design 'BriskKvComputeInterface', output port 'io_acceptedPackCount[28]' is connected directly to 'logic 0'. (LINT-52)
Warning: In design 'PackDescriptorDecoder', output port 'io_out_bits_minimum[7]' is connected directly to 'logic 0'. (LINT-52)
Warning: In design 'PackDescriptorDecoder', output port 'io_out_bits_minimum[6]' is connected directly to 'logic 0'. (LINT-52)
Warning: In design 'PackDescriptorDecoder_1', output port 'io_out_bits_minimum[7]' is connected directly to 'logic 0'. (LINT-52)
Warning: In design 'PackDescriptorDecoder_1', output port 'io_out_bits_minimum[6]' is connected directly to 'logic 0'. (LINT-52)
Warning: In design 'PackDescriptorDecoder_1', output port 'io_out_bits_minimum[5]' is connected directly to 'logic 0'. (LINT-52)
Warning: In design 'PackDescriptorDecoder_1', output port 'io_out_bits_minimum[4]' is connected directly to 'logic 0'. (LINT-52)
Information: Design 'queryMemory_128x18' does not contain any cells or nets. (LINT-55)
Information: Design 'weightMemory_64x328' does not contain any cells or nets. (LINT-55)
Information: Design 'memory_8192x424' does not contain any cells or nets. (LINT-55)
Information: Design 'exponentMemory_64x277' does not contain any cells or nets. (LINT-55)
Information: Design 'logitMemory_64x709' does not contain any cells or nets. (LINT-55)
1
