 
****************************************
check_design summary:
Version:     O-2018.06-SP1
Date:        Tue Aug 11 21:54:39 2026
****************************************

                   Name                                            Total
--------------------------------------------------------------------------------
Inputs/Outputs                                                    141
    Unconnected ports (LINT-28)                                     8
    Feedthrough (LINT-29)                                          76
    Shorted outputs (LINT-31)                                      47
    Constant outputs (LINT-52)                                     10

Cells                                                             247
    Cells do not drive (LINT-1)                                   245
    Connected to power or ground (LINT-32)                          1
    Nets connected to multiple pins on same cell (LINT-33)          1

Designs                                                             5
    Black box (LINT-55)                                             5
--------------------------------------------------------------------------------

Warning: In design 'AvOutputQuantizer', cell 'B_7' does not drive any nets. (LINT-1)
Warning: In design 'AvOutputQuantizer', cell 'C3072' does not drive any nets. (LINT-1)
Warning: In design 'AvOutputQuantizer', cell 'C3084' does not drive any nets. (LINT-1)
Warning: In design 'AvOutputQuantizer', cell 'C3089' does not drive any nets. (LINT-1)
Warning: In design 'AvOutputQuantizer', cell 'C3094' does not drive any nets. (LINT-1)
Warning: In design 'AvOutputQuantizer', cell 'C3100' does not drive any nets. (LINT-1)
Warning: In design 'AvOutputQuantizer', cell 'C3106' does not drive any nets. (LINT-1)
Warning: In design 'AvOutputQuantizer', cell 'C3113' does not drive any nets. (LINT-1)
Warning: In design 'AttentionScaleUnit', cell 'C31965' does not drive any nets. (LINT-1)
Warning: In design 'AttentionScaleUnit', cell 'C32032' does not drive any nets. (LINT-1)
Warning: In design 'AttentionScaleUnit', cell 'C32101' does not drive any nets. (LINT-1)
Warning: In design 'AttentionScaleUnit', cell 'C32168' does not drive any nets. (LINT-1)
Warning: In design 'AttentionScaleUnit', cell 'C32237' does not drive any nets. (LINT-1)
Warning: In design 'AttentionScaleUnit', cell 'C32305' does not drive any nets. (LINT-1)
Warning: In design 'AttentionScaleUnit', cell 'C32370' does not drive any nets. (LINT-1)
Warning: In design 'AttentionScaleUnit', cell 'C32438' does not drive any nets. (LINT-1)
Warning: In design 'AttentionScaleUnit', cell 'C32507' does not drive any nets. (LINT-1)
Warning: In design 'AttentionScaleUnit', cell 'C32584' does not drive any nets. (LINT-1)
Warning: In design 'AttentionScaleUnit', cell 'C32653' does not drive any nets. (LINT-1)
Warning: In design 'AttentionScaleUnit', cell 'C32719' does not drive any nets. (LINT-1)
Warning: In design 'AttentionScaleUnit', cell 'C32820' does not drive any nets. (LINT-1)
Warning: In design 'AttentionScaleUnit', cell 'C32838' does not drive any nets. (LINT-1)
Warning: In design 'AttentionScaleUnit', cell 'C32847' does not drive any nets. (LINT-1)
Warning: In design 'AttentionScaleUnit', cell 'C32860' does not drive any nets. (LINT-1)
Warning: In design 'AttentionScaleUnit', cell 'C32865' does not drive any nets. (LINT-1)
Warning: In design 'AttentionScaleUnit', cell 'C32870' does not drive any nets. (LINT-1)
Warning: In design 'AttentionScaleUnit', cell 'C32877' does not drive any nets. (LINT-1)
Warning: In design 'AttentionScaleUnit', cell 'C32900' does not drive any nets. (LINT-1)
Warning: In design 'AttentionScaleUnit', cell 'C32908' does not drive any nets. (LINT-1)
Warning: In design 'AttentionScaleUnit', cell 'C32914' does not drive any nets. (LINT-1)
Warning: In design 'AttentionScaleUnit', cell 'C32922' does not drive any nets. (LINT-1)
Warning: In design 'AttentionScaleUnit', cell 'C32928' does not drive any nets. (LINT-1)
Warning: In design 'AttentionScaleUnit', cell 'C32936' does not drive any nets. (LINT-1)
Warning: In design 'AttentionScaleUnit', cell 'C32942' does not drive any nets. (LINT-1)
Warning: In design 'AttentionScaleUnit', cell 'C32948' does not drive any nets. (LINT-1)
Warning: In design 'AttentionScaleUnit', cell 'C33070' does not drive any nets. (LINT-1)
Warning: In design 'StreamingSoftmax', cell 'B_92' does not drive any nets. (LINT-1)
Warning: In design 'StreamingSoftmax', cell 'B_93' does not drive any nets. (LINT-1)
Warning: In design 'StreamingSoftmax', cell 'B_94' does not drive any nets. (LINT-1)
Warning: In design 'StreamingSoftmax', cell 'B_95' does not drive any nets. (LINT-1)
Warning: In design 'StreamingSoftmax', cell 'B_96' does not drive any nets. (LINT-1)
Warning: In design 'StreamingSoftmax', cell 'B_97' does not drive any nets. (LINT-1)
Warning: In design 'StreamingSoftmax', cell 'B_98' does not drive any nets. (LINT-1)
Warning: In design 'StreamingSoftmax', cell 'B_99' does not drive any nets. (LINT-1)
Warning: In design 'StreamingSoftmax', cell 'B_100' does not drive any nets. (LINT-1)
Warning: In design 'StreamingSoftmax', cell 'B_101' does not drive any nets. (LINT-1)
Warning: In design 'StreamingSoftmax', cell 'B_102' does not drive any nets. (LINT-1)
Warning: In design 'StreamingSoftmax', cell 'B_103' does not drive any nets. (LINT-1)
Warning: In design 'StreamingSoftmax', cell 'B_104' does not drive any nets. (LINT-1)
Warning: In design 'StreamingSoftmax', cell 'B_105' does not drive any nets. (LINT-1)
Warning: In design 'StreamingSoftmax', cell 'B_106' does not drive any nets. (LINT-1)
Warning: In design 'StreamingSoftmax', cell 'B_108' does not drive any nets. (LINT-1)
Warning: In design 'StreamingSoftmax', cell 'C28162' does not drive any nets. (LINT-1)
Warning: In design 'StreamingSoftmax', cell 'C28267' does not drive any nets. (LINT-1)
Warning: In design 'StreamingSoftmax', cell 'C28283' does not drive any nets. (LINT-1)
Warning: In design 'StreamingSoftmax', cell 'C28286' does not drive any nets. (LINT-1)
Warning: In design 'StreamingSoftmax', cell 'C28291' does not drive any nets. (LINT-1)
Warning: In design 'StreamingSoftmax', cell 'C28306' does not drive any nets. (LINT-1)
Warning: In design 'StreamingSoftmax', cell 'C28318' does not drive any nets. (LINT-1)
Warning: In design 'StreamingSoftmax', cell 'C28325' does not drive any nets. (LINT-1)
Warning: In design 'StreamingSoftmax', cell 'C28327' does not drive any nets. (LINT-1)
Warning: In design 'StreamingSoftmax', cell 'B_115' does not drive any nets. (LINT-1)
Warning: In design 'StreamingSoftmax', cell 'C28400' does not drive any nets. (LINT-1)
Warning: In design 'StreamingSoftmax', cell 'C28414' does not drive any nets. (LINT-1)
Warning: In design 'VPacketBuffer', cell 'C4166' does not drive any nets. (LINT-1)
Warning: In design 'VPacketBuffer', cell 'C4204' does not drive any nets. (LINT-1)
Warning: In design 'VPacketBuffer', cell 'C4212' does not drive any nets. (LINT-1)
Warning: In design 'VPacketBuffer', cell 'C4217' does not drive any nets. (LINT-1)
Warning: In design 'VPacketBuffer', cell 'C4222' does not drive any nets. (LINT-1)
Warning: In design 'VPacketBuffer', cell 'C4227' does not drive any nets. (LINT-1)
Warning: In design 'VPacketBuffer', cell 'C4236' does not drive any nets. (LINT-1)
Warning: In design 'VPacketBuffer', cell 'C4243' does not drive any nets. (LINT-1)
Warning: In design 'VPacketBuffer', cell 'B_17' does not drive any nets. (LINT-1)
Warning: In design 'VPacketBuffer', cell 'B_18' does not drive any nets. (LINT-1)
Warning: In design 'SoftmaxVAccumulator', cell 'B_41' does not drive any nets. (LINT-1)
Warning: In design 'SoftmaxVAccumulator', cell 'B_42' does not drive any nets. (LINT-1)
Warning: In design 'SoftmaxVAccumulator', cell 'B_43' does not drive any nets. (LINT-1)
Warning: In design 'SoftmaxVAccumulator', cell 'B_44' does not drive any nets. (LINT-1)
Warning: In design 'SoftmaxVAccumulator', cell 'B_45' does not drive any nets. (LINT-1)
Warning: In design 'SoftmaxVAccumulator', cell 'B_46' does not drive any nets. (LINT-1)
Warning: In design 'SoftmaxVAccumulator', cell 'B_47' does not drive any nets. (LINT-1)
Warning: In design 'SoftmaxVAccumulator', cell 'B_48' does not drive any nets. (LINT-1)
Warning: In design 'SoftmaxVAccumulator', cell 'B_49' does not drive any nets. (LINT-1)
Warning: In design 'SoftmaxVAccumulator', cell 'B_50' does not drive any nets. (LINT-1)
Warning: In design 'SoftmaxVAccumulator', cell 'B_51' does not drive any nets. (LINT-1)
Warning: In design 'SoftmaxVAccumulator', cell 'B_52' does not drive any nets. (LINT-1)
Warning: In design 'SoftmaxVAccumulator', cell 'B_53' does not drive any nets. (LINT-1)
Warning: In design 'SoftmaxVAccumulator', cell 'B_54' does not drive any nets. (LINT-1)
Warning: In design 'SoftmaxVAccumulator', cell 'B_55' does not drive any nets. (LINT-1)
Warning: In design 'SoftmaxVAccumulator', cell 'B_56' does not drive any nets. (LINT-1)
Warning: In design 'SoftmaxVAccumulator', cell 'C7065' does not drive any nets. (LINT-1)
Warning: In design 'SoftmaxVAccumulator', cell 'C7103' does not drive any nets. (LINT-1)
Warning: In design 'SoftmaxVAccumulator', cell 'C7109' does not drive any nets. (LINT-1)
Warning: In design 'SoftmaxVAccumulator', cell 'C7125' does not drive any nets. (LINT-1)
Warning: In design 'SoftmaxVAccumulator', cell 'C7132' does not drive any nets. (LINT-1)
Warning: In design 'SoftmaxVAccumulator', cell 'C7140' does not drive any nets. (LINT-1)
Warning: In design 'SoftmaxVAccumulator', cell 'C7143' does not drive any nets. (LINT-1)
Warning: In design 'SoftmaxVAccumulator', cell 'C7148' does not drive any nets. (LINT-1)
Warning: In design 'SoftmaxVAccumulator', cell 'C7150' does not drive any nets. (LINT-1)
Warning: In design 'SoftmaxVAccumulator', cell 'C7157' does not drive any nets. (LINT-1)
Warning: In design 'SoftmaxVAccumulator', cell 'C7164' does not drive any nets. (LINT-1)
Warning: In design 'SoftmaxVAccumulator', cell 'C7171' does not drive any nets. (LINT-1)
Warning: In design 'SoftmaxVAccumulator', cell 'C7203' does not drive any nets. (LINT-1)
Warning: In design 'SoftmaxVAccumulator', cell 'B_60' does not drive any nets. (LINT-1)
Warning: In design 'SoftmaxVAccumulator', cell 'C7231' does not drive any nets. (LINT-1)
Warning: In design 'SoftmaxVAccumulator', cell 'C7238' does not drive any nets. (LINT-1)
Warning: In design 'DualKvDecompressionController', cell 'C6617' does not drive any nets. (LINT-1)
Warning: In design 'DualKvDecompressionController', cell 'C6631' does not drive any nets. (LINT-1)
Warning: In design 'DualKvDecompressionController', cell 'C6647' does not drive any nets. (LINT-1)
Warning: In design 'DualKvDecompressionController', cell 'C6718' does not drive any nets. (LINT-1)
Warning: In design 'AttentionFeaturePacketizer', cell 'C4764' does not drive any nets. (LINT-1)
Warning: In design 'AttentionFeaturePacketizer', cell 'C4863' does not drive any nets. (LINT-1)
Warning: In design 'AttentionFeaturePacketizer', cell 'C4867' does not drive any nets. (LINT-1)
Warning: In design 'AttentionFeaturePacketizer', cell 'C4875' does not drive any nets. (LINT-1)
Warning: In design 'AttentionFeaturePacketizer', cell 'C4879' does not drive any nets. (LINT-1)
Warning: In design 'AttentionFeaturePacketizer', cell 'C4884' does not drive any nets. (LINT-1)
Warning: In design 'AttentionFeaturePacketizer', cell 'C4891' does not drive any nets. (LINT-1)
Warning: In design 'QueryReplayBuffer', cell 'C4029' does not drive any nets. (LINT-1)
Warning: In design 'QueryReplayBuffer', cell 'C4040' does not drive any nets. (LINT-1)
Warning: In design 'QueryReplayBuffer', cell 'C4047' does not drive any nets. (LINT-1)
Warning: In design 'QueryReplayBuffer', cell 'C4052' does not drive any nets. (LINT-1)
Warning: In design 'QueryReplayBuffer', cell 'C4057' does not drive any nets. (LINT-1)
Warning: In design 'QueryReplayBuffer', cell 'C4062' does not drive any nets. (LINT-1)
Warning: In design 'QueryReplayBuffer', cell 'C4067' does not drive any nets. (LINT-1)
Warning: In design 'QueryReplayBuffer', cell 'C4074' does not drive any nets. (LINT-1)
Warning: In design 'QueryReplayBuffer', cell 'C4081' does not drive any nets. (LINT-1)
Warning: In design 'QueryReplayBuffer', cell 'C4089' does not drive any nets. (LINT-1)
Warning: In design 'QkDotProductAccumulator', cell 'C11438' does not drive any nets. (LINT-1)
Warning: In design 'QkDotProductAccumulator', cell 'C11474' does not drive any nets. (LINT-1)
Warning: In design 'QkDotProductAccumulator', cell 'C11479' does not drive any nets. (LINT-1)
Warning: In design 'QkDotProductAccumulator', cell 'C11489' does not drive any nets. (LINT-1)
Warning: In design 'QkDotProductAccumulator', cell 'C11491' does not drive any nets. (LINT-1)
Warning: In design 'QkDotProductAccumulator', cell 'C11496' does not drive any nets. (LINT-1)
Warning: In design 'QkDotProductAccumulator', cell 'C11498' does not drive any nets. (LINT-1)
Warning: In design 'QkDotProductAccumulator', cell 'C11505' does not drive any nets. (LINT-1)
Warning: In design 'QkDotProductAccumulator', cell 'C11512' does not drive any nets. (LINT-1)
Warning: In design 'QkDotProductAccumulator', cell 'C11519' does not drive any nets. (LINT-1)
Warning: In design 'QkDotProductAccumulator', cell 'C11528' does not drive any nets. (LINT-1)
Warning: In design 'QkDotProductAccumulator', cell 'C11529' does not drive any nets. (LINT-1)
Warning: In design 'QkDotProductAccumulator', cell 'C11530' does not drive any nets. (LINT-1)
Warning: In design 'QkDotProductAccumulator', cell 'C11531' does not drive any nets. (LINT-1)
Warning: In design 'QkDotProductAccumulator', cell 'C11532' does not drive any nets. (LINT-1)
Warning: In design 'QkDotProductAccumulator', cell 'C11533' does not drive any nets. (LINT-1)
Warning: In design 'QkDotProductAccumulator', cell 'C11534' does not drive any nets. (LINT-1)
Warning: In design 'QkDotProductAccumulator', cell 'C11535' does not drive any nets. (LINT-1)
Warning: In design 'QkDotProductAccumulator', cell 'C11536' does not drive any nets. (LINT-1)
Warning: In design 'QkDotProductAccumulator', cell 'C11537' does not drive any nets. (LINT-1)
Warning: In design 'QkDotProductAccumulator', cell 'C11538' does not drive any nets. (LINT-1)
Warning: In design 'QkDotProductAccumulator', cell 'C11539' does not drive any nets. (LINT-1)
Warning: In design 'QkDotProductAccumulator', cell 'C11540' does not drive any nets. (LINT-1)
Warning: In design 'QkDotProductAccumulator', cell 'C11541' does not drive any nets. (LINT-1)
Warning: In design 'QkDotProductAccumulator', cell 'C11542' does not drive any nets. (LINT-1)
Warning: In design 'QkDotProductAccumulator', cell 'C11543' does not drive any nets. (LINT-1)
Warning: In design 'IterativeUnsignedDivider', cell 'C1200' does not drive any nets. (LINT-1)
Warning: In design 'IterativeUnsignedDivider', cell 'C1208' does not drive any nets. (LINT-1)
Warning: In design 'DecompressionPipelineController', cell 'C3888' does not drive any nets. (LINT-1)
Warning: In design 'DecompressionPipelineController', cell 'C3892' does not drive any nets. (LINT-1)
Warning: In design 'DecompressionPipelineController', cell 'C3898' does not drive any nets. (LINT-1)
Warning: In design 'DecompressionPipelineController', cell 'C3906' does not drive any nets. (LINT-1)
Warning: In design 'DecompressionPipelineController', cell 'C3912' does not drive any nets. (LINT-1)
Warning: In design 'DecompressionPipelineController', cell 'C3916' does not drive any nets. (LINT-1)
Warning: In design 'DecompressionPipelineController', cell 'C4012' does not drive any nets. (LINT-1)
Warning: In design 'DecompressionPipelineController_1', cell 'C3888' does not drive any nets. (LINT-1)
Warning: In design 'DecompressionPipelineController_1', cell 'C3892' does not drive any nets. (LINT-1)
Warning: In design 'DecompressionPipelineController_1', cell 'C3898' does not drive any nets. (LINT-1)
Warning: In design 'DecompressionPipelineController_1', cell 'C3906' does not drive any nets. (LINT-1)
Warning: In design 'DecompressionPipelineController_1', cell 'C3912' does not drive any nets. (LINT-1)
Warning: In design 'DecompressionPipelineController_1', cell 'C3916' does not drive any nets. (LINT-1)
Warning: In design 'DecompressionPipelineController_1', cell 'C4012' does not drive any nets. (LINT-1)
Warning: In design 'BucketCountDecoder', cell 'C923' does not drive any nets. (LINT-1)
Warning: In design 'BucketCountDecoder', cell 'C942' does not drive any nets. (LINT-1)
Warning: In design 'BucketCountDecoder', cell 'C951' does not drive any nets. (LINT-1)
Warning: In design 'BucketCountDecoder', cell 'C957' does not drive any nets. (LINT-1)
Warning: In design 'BucketCountDecoder', cell 'C975' does not drive any nets. (LINT-1)
Warning: In design 'BufferedPackMetadataDequantizer', cell 'C5295' does not drive any nets. (LINT-1)
Warning: In design 'BufferedPackMetadataDequantizer', cell 'C5300' does not drive any nets. (LINT-1)
Warning: In design 'BufferedPackMetadataDequantizer', cell 'C5342' does not drive any nets. (LINT-1)
Warning: In design 'BufferedPackMetadataDequantizer', cell 'C5353' does not drive any nets. (LINT-1)
Warning: In design 'BufferedPackMetadataDequantizer', cell 'C5361' does not drive any nets. (LINT-1)
Warning: In design 'BufferedPackMetadataDequantizer', cell 'C5364' does not drive any nets. (LINT-1)
Warning: In design 'BufferedPackMetadataDequantizer', cell 'C5370' does not drive any nets. (LINT-1)
Warning: In design 'BufferedPackMetadataDequantizer', cell 'C5378' does not drive any nets. (LINT-1)
Warning: In design 'BufferedPackMetadataDequantizer', cell 'C5386' does not drive any nets. (LINT-1)
Warning: In design 'BufferedPackMetadataDequantizer', cell 'C5404' does not drive any nets. (LINT-1)
Warning: In design 'BufferedPackMetadataDequantizer_1', cell 'C5295' does not drive any nets. (LINT-1)
Warning: In design 'BufferedPackMetadataDequantizer_1', cell 'C5300' does not drive any nets. (LINT-1)
Warning: In design 'BufferedPackMetadataDequantizer_1', cell 'C5342' does not drive any nets. (LINT-1)
Warning: In design 'BufferedPackMetadataDequantizer_1', cell 'C5353' does not drive any nets. (LINT-1)
Warning: In design 'BufferedPackMetadataDequantizer_1', cell 'C5361' does not drive any nets. (LINT-1)
Warning: In design 'BufferedPackMetadataDequantizer_1', cell 'C5364' does not drive any nets. (LINT-1)
Warning: In design 'BufferedPackMetadataDequantizer_1', cell 'C5370' does not drive any nets. (LINT-1)
Warning: In design 'BufferedPackMetadataDequantizer_1', cell 'C5378' does not drive any nets. (LINT-1)
Warning: In design 'BufferedPackMetadataDequantizer_1', cell 'C5386' does not drive any nets. (LINT-1)
Warning: In design 'BufferedPackMetadataDequantizer_1', cell 'C5404' does not drive any nets. (LINT-1)
Warning: In design 'PackDescriptorDecoder', cell 'C626' does not drive any nets. (LINT-1)
Warning: In design 'PackDescriptorDecoder', cell 'C632' does not drive any nets. (LINT-1)
Warning: In design 'DynamicPayloadUnpacker', cell 'C2102' does not drive any nets. (LINT-1)
Warning: In design 'DynamicPayloadUnpacker', cell 'C2220' does not drive any nets. (LINT-1)
Warning: In design 'DynamicPayloadUnpacker', cell 'C2225' does not drive any nets. (LINT-1)
Warning: In design 'DynamicPayloadUnpacker', cell 'C2234' does not drive any nets. (LINT-1)
Warning: In design 'DynamicPayloadUnpacker', cell 'C2240' does not drive any nets. (LINT-1)
Warning: In design 'DynamicPayloadUnpacker', cell 'C2254' does not drive any nets. (LINT-1)
Warning: In design 'DynamicPayloadUnpacker', cell 'C2261' does not drive any nets. (LINT-1)
Warning: In design 'DynamicPayloadUnpacker', cell 'C2324' does not drive any nets. (LINT-1)
Warning: In design 'FixedWidthFieldUnpacker_2', cell 'C1063' does not drive any nets. (LINT-1)
Warning: In design 'FixedWidthFieldUnpacker_2', cell 'C1142' does not drive any nets. (LINT-1)
Warning: In design 'FixedWidthFieldUnpacker_2', cell 'C1188' does not drive any nets. (LINT-1)
Warning: In design 'FixedWidthFieldUnpacker_2', cell 'C1193' does not drive any nets. (LINT-1)
Warning: In design 'FixedWidthFieldUnpacker_2', cell 'C1196' does not drive any nets. (LINT-1)
Warning: In design 'FixedWidthFieldUnpacker_2', cell 'C1200' does not drive any nets. (LINT-1)
Warning: In design 'FixedWidthFieldUnpacker_3', cell 'C1068' does not drive any nets. (LINT-1)
Warning: In design 'FixedWidthFieldUnpacker_3', cell 'C1150' does not drive any nets. (LINT-1)
Warning: In design 'FixedWidthFieldUnpacker_3', cell 'C1199' does not drive any nets. (LINT-1)
Warning: In design 'FixedWidthFieldUnpacker_3', cell 'C1204' does not drive any nets. (LINT-1)
Warning: In design 'FixedWidthFieldUnpacker_3', cell 'C1207' does not drive any nets. (LINT-1)
Warning: In design 'FixedWidthFieldUnpacker_3', cell 'C1211' does not drive any nets. (LINT-1)
Warning: In design 'PackDescriptorDecoder_1', cell 'C610' does not drive any nets. (LINT-1)
Warning: In design 'PackDescriptorDecoder_1', cell 'C625' does not drive any nets. (LINT-1)
Warning: In design 'PackDescriptorDecoder_1', cell 'C631' does not drive any nets. (LINT-1)
Warning: In design 'DynamicPayloadUnpacker_1', cell 'C2100' does not drive any nets. (LINT-1)
Warning: In design 'DynamicPayloadUnpacker_1', cell 'C2218' does not drive any nets. (LINT-1)
Warning: In design 'DynamicPayloadUnpacker_1', cell 'C2223' does not drive any nets. (LINT-1)
Warning: In design 'DynamicPayloadUnpacker_1', cell 'C2232' does not drive any nets. (LINT-1)
Warning: In design 'DynamicPayloadUnpacker_1', cell 'C2238' does not drive any nets. (LINT-1)
Warning: In design 'DynamicPayloadUnpacker_1', cell 'C2252' does not drive any nets. (LINT-1)
Warning: In design 'DynamicPayloadUnpacker_1', cell 'C2259' does not drive any nets. (LINT-1)
Warning: In design 'DynamicPayloadUnpacker_1', cell 'C2322' does not drive any nets. (LINT-1)
Warning: In design 'FixedWidthFieldUnpacker_6', cell 'C1065' does not drive any nets. (LINT-1)
Warning: In design 'FixedWidthFieldUnpacker_6', cell 'C1146' does not drive any nets. (LINT-1)
Warning: In design 'FixedWidthFieldUnpacker_6', cell 'C1194' does not drive any nets. (LINT-1)
Warning: In design 'FixedWidthFieldUnpacker_6', cell 'C1199' does not drive any nets. (LINT-1)
Warning: In design 'FixedWidthFieldUnpacker_6', cell 'C1202' does not drive any nets. (LINT-1)
Warning: In design 'FixedWidthFieldUnpacker_6', cell 'C1206' does not drive any nets. (LINT-1)
Warning: In design 'FixedWidthFieldUnpacker', cell 'C1064' does not drive any nets. (LINT-1)
Warning: In design 'FixedWidthFieldUnpacker', cell 'C1144' does not drive any nets. (LINT-1)
Warning: In design 'FixedWidthFieldUnpacker', cell 'C1191' does not drive any nets. (LINT-1)
Warning: In design 'FixedWidthFieldUnpacker', cell 'C1196' does not drive any nets. (LINT-1)
Warning: In design 'FixedWidthFieldUnpacker', cell 'C1199' does not drive any nets. (LINT-1)
Warning: In design 'FixedWidthFieldUnpacker', cell 'C1203' does not drive any nets. (LINT-1)
Warning: In design 'FixedWidthFieldUnpacker_1', cell 'C1066' does not drive any nets. (LINT-1)
Warning: In design 'FixedWidthFieldUnpacker_1', cell 'C1149' does not drive any nets. (LINT-1)
Warning: In design 'FixedWidthFieldUnpacker_1', cell 'C1199' does not drive any nets. (LINT-1)
Warning: In design 'FixedWidthFieldUnpacker_1', cell 'C1204' does not drive any nets. (LINT-1)
Warning: In design 'FixedWidthFieldUnpacker_1', cell 'C1207' does not drive any nets. (LINT-1)
Warning: In design 'FixedWidthFieldUnpacker_1', cell 'C1211' does not drive any nets. (LINT-1)
Warning: In design 'ram_2x83', port 'R0_en' is not connected to any nets. (LINT-28)
Warning: In design 'ram_2x83', port 'R0_clk' is not connected to any nets. (LINT-28)
Warning: In design 'BufferedPackMetadataDequantizer', port 'io_qIn_bits_value[7]' is not connected to any nets. (LINT-28)
Warning: In design 'BufferedPackMetadataDequantizer', port 'io_qIn_bits_value[6]' is not connected to any nets. (LINT-28)
Warning: In design 'BufferedPackMetadataDequantizer_1', port 'io_qIn_bits_value[7]' is not connected to any nets. (LINT-28)
Warning: In design 'BufferedPackMetadataDequantizer_1', port 'io_qIn_bits_value[6]' is not connected to any nets. (LINT-28)
Warning: In design 'BufferedPackMetadataDequantizer_1', port 'io_qIn_bits_value[5]' is not connected to any nets. (LINT-28)
Warning: In design 'BufferedPackMetadataDequantizer_1', port 'io_qIn_bits_value[4]' is not connected to any nets. (LINT-28)
Warning: In design 'BufferedPackMetadataDequantizer', input port 'io_qIn_bits_descriptorIndex[31]' is connected directly to output port 'io_out_bits_descriptorIndex[31]'. (LINT-29)
Warning: In design 'BufferedPackMetadataDequantizer', input port 'io_qIn_bits_descriptorIndex[30]' is connected directly to output port 'io_out_bits_descriptorIndex[30]'. (LINT-29)
Warning: In design 'BufferedPackMetadataDequantizer', input port 'io_qIn_bits_descriptorIndex[29]' is connected directly to output port 'io_out_bits_descriptorIndex[29]'. (LINT-29)
Warning: In design 'BufferedPackMetadataDequantizer', input port 'io_qIn_bits_descriptorIndex[28]' is connected directly to output port 'io_out_bits_descriptorIndex[28]'. (LINT-29)
Warning: In design 'BufferedPackMetadataDequantizer', input port 'io_qIn_bits_descriptorIndex[27]' is connected directly to output port 'io_out_bits_descriptorIndex[27]'. (LINT-29)
Warning: In design 'BufferedPackMetadataDequantizer', input port 'io_qIn_bits_descriptorIndex[26]' is connected directly to output port 'io_out_bits_descriptorIndex[26]'. (LINT-29)
Warning: In design 'BufferedPackMetadataDequantizer', input port 'io_qIn_bits_descriptorIndex[25]' is connected directly to output port 'io_out_bits_descriptorIndex[25]'. (LINT-29)
Warning: In design 'BufferedPackMetadataDequantizer', input port 'io_qIn_bits_descriptorIndex[24]' is connected directly to output port 'io_out_bits_descriptorIndex[24]'. (LINT-29)
Warning: In design 'BufferedPackMetadataDequantizer', input port 'io_qIn_bits_descriptorIndex[23]' is connected directly to output port 'io_out_bits_descriptorIndex[23]'. (LINT-29)
Warning: In design 'BufferedPackMetadataDequantizer', input port 'io_qIn_bits_descriptorIndex[22]' is connected directly to output port 'io_out_bits_descriptorIndex[22]'. (LINT-29)
Warning: In design 'BufferedPackMetadataDequantizer', input port 'io_qIn_bits_descriptorIndex[21]' is connected directly to output port 'io_out_bits_descriptorIndex[21]'. (LINT-29)
Warning: In design 'BufferedPackMetadataDequantizer', input port 'io_qIn_bits_descriptorIndex[20]' is connected directly to output port 'io_out_bits_descriptorIndex[20]'. (LINT-29)
Warning: In design 'BufferedPackMetadataDequantizer', input port 'io_qIn_bits_descriptorIndex[19]' is connected directly to output port 'io_out_bits_descriptorIndex[19]'. (LINT-29)
Warning: In design 'BufferedPackMetadataDequantizer', input port 'io_qIn_bits_descriptorIndex[18]' is connected directly to output port 'io_out_bits_descriptorIndex[18]'. (LINT-29)
Warning: In design 'BufferedPackMetadataDequantizer', input port 'io_qIn_bits_descriptorIndex[17]' is connected directly to output port 'io_out_bits_descriptorIndex[17]'. (LINT-29)
Warning: In design 'BufferedPackMetadataDequantizer', input port 'io_qIn_bits_descriptorIndex[16]' is connected directly to output port 'io_out_bits_descriptorIndex[16]'. (LINT-29)
Warning: In design 'BufferedPackMetadataDequantizer', input port 'io_qIn_bits_descriptorIndex[15]' is connected directly to output port 'io_out_bits_descriptorIndex[15]'. (LINT-29)
Warning: In design 'BufferedPackMetadataDequantizer', input port 'io_qIn_bits_descriptorIndex[14]' is connected directly to output port 'io_out_bits_descriptorIndex[14]'. (LINT-29)
Warning: In design 'BufferedPackMetadataDequantizer', input port 'io_qIn_bits_descriptorIndex[13]' is connected directly to output port 'io_out_bits_descriptorIndex[13]'. (LINT-29)
Warning: In design 'BufferedPackMetadataDequantizer', input port 'io_qIn_bits_descriptorIndex[12]' is connected directly to output port 'io_out_bits_descriptorIndex[12]'. (LINT-29)
Warning: In design 'BufferedPackMetadataDequantizer', input port 'io_qIn_bits_descriptorIndex[11]' is connected directly to output port 'io_out_bits_descriptorIndex[11]'. (LINT-29)
Warning: In design 'BufferedPackMetadataDequantizer', input port 'io_qIn_bits_descriptorIndex[10]' is connected directly to output port 'io_out_bits_descriptorIndex[10]'. (LINT-29)
Warning: In design 'BufferedPackMetadataDequantizer', input port 'io_qIn_bits_descriptorIndex[9]' is connected directly to output port 'io_out_bits_descriptorIndex[9]'. (LINT-29)
Warning: In design 'BufferedPackMetadataDequantizer', input port 'io_qIn_bits_descriptorIndex[8]' is connected directly to output port 'io_out_bits_descriptorIndex[8]'. (LINT-29)
Warning: In design 'BufferedPackMetadataDequantizer', input port 'io_qIn_bits_descriptorIndex[7]' is connected directly to output port 'io_out_bits_descriptorIndex[7]'. (LINT-29)
Warning: In design 'BufferedPackMetadataDequantizer', input port 'io_qIn_bits_descriptorIndex[6]' is connected directly to output port 'io_out_bits_descriptorIndex[6]'. (LINT-29)
Warning: In design 'BufferedPackMetadataDequantizer', input port 'io_qIn_bits_descriptorIndex[5]' is connected directly to output port 'io_out_bits_descriptorIndex[5]'. (LINT-29)
Warning: In design 'BufferedPackMetadataDequantizer', input port 'io_qIn_bits_descriptorIndex[4]' is connected directly to output port 'io_out_bits_descriptorIndex[4]'. (LINT-29)
Warning: In design 'BufferedPackMetadataDequantizer', input port 'io_qIn_bits_descriptorIndex[3]' is connected directly to output port 'io_out_bits_descriptorIndex[3]'. (LINT-29)
Warning: In design 'BufferedPackMetadataDequantizer', input port 'io_qIn_bits_descriptorIndex[2]' is connected directly to output port 'io_out_bits_descriptorIndex[2]'. (LINT-29)
Warning: In design 'BufferedPackMetadataDequantizer', input port 'io_qIn_bits_descriptorIndex[1]' is connected directly to output port 'io_out_bits_descriptorIndex[1]'. (LINT-29)
Warning: In design 'BufferedPackMetadataDequantizer', input port 'io_qIn_bits_descriptorIndex[0]' is connected directly to output port 'io_out_bits_descriptorIndex[0]'. (LINT-29)
Warning: In design 'BufferedPackMetadataDequantizer', input port 'io_qIn_bits_tokenIndex[3]' is connected directly to output port 'io_out_bits_tokenIndex[3]'. (LINT-29)
Warning: In design 'BufferedPackMetadataDequantizer', input port 'io_qIn_bits_tokenIndex[2]' is connected directly to output port 'io_out_bits_tokenIndex[2]'. (LINT-29)
Warning: In design 'BufferedPackMetadataDequantizer', input port 'io_qIn_bits_tokenIndex[1]' is connected directly to output port 'io_out_bits_tokenIndex[1]'. (LINT-29)
Warning: In design 'BufferedPackMetadataDequantizer', input port 'io_qIn_bits_tokenIndex[0]' is connected directly to output port 'io_out_bits_tokenIndex[0]'. (LINT-29)
Warning: In design 'BufferedPackMetadataDequantizer_1', input port 'io_qIn_bits_descriptorIndex[31]' is connected directly to output port 'io_out_bits_descriptorIndex[31]'. (LINT-29)
Warning: In design 'BufferedPackMetadataDequantizer_1', input port 'io_qIn_bits_descriptorIndex[30]' is connected directly to output port 'io_out_bits_descriptorIndex[30]'. (LINT-29)
Warning: In design 'BufferedPackMetadataDequantizer_1', input port 'io_qIn_bits_descriptorIndex[29]' is connected directly to output port 'io_out_bits_descriptorIndex[29]'. (LINT-29)
Warning: In design 'BufferedPackMetadataDequantizer_1', input port 'io_qIn_bits_descriptorIndex[28]' is connected directly to output port 'io_out_bits_descriptorIndex[28]'. (LINT-29)
Warning: In design 'BufferedPackMetadataDequantizer_1', input port 'io_qIn_bits_descriptorIndex[27]' is connected directly to output port 'io_out_bits_descriptorIndex[27]'. (LINT-29)
Warning: In design 'BufferedPackMetadataDequantizer_1', input port 'io_qIn_bits_descriptorIndex[26]' is connected directly to output port 'io_out_bits_descriptorIndex[26]'. (LINT-29)
Warning: In design 'BufferedPackMetadataDequantizer_1', input port 'io_qIn_bits_descriptorIndex[25]' is connected directly to output port 'io_out_bits_descriptorIndex[25]'. (LINT-29)
Warning: In design 'BufferedPackMetadataDequantizer_1', input port 'io_qIn_bits_descriptorIndex[24]' is connected directly to output port 'io_out_bits_descriptorIndex[24]'. (LINT-29)
Warning: In design 'BufferedPackMetadataDequantizer_1', input port 'io_qIn_bits_descriptorIndex[23]' is connected directly to output port 'io_out_bits_descriptorIndex[23]'. (LINT-29)
Warning: In design 'BufferedPackMetadataDequantizer_1', input port 'io_qIn_bits_descriptorIndex[22]' is connected directly to output port 'io_out_bits_descriptorIndex[22]'. (LINT-29)
Warning: In design 'BufferedPackMetadataDequantizer_1', input port 'io_qIn_bits_descriptorIndex[21]' is connected directly to output port 'io_out_bits_descriptorIndex[21]'. (LINT-29)
Warning: In design 'BufferedPackMetadataDequantizer_1', input port 'io_qIn_bits_descriptorIndex[20]' is connected directly to output port 'io_out_bits_descriptorIndex[20]'. (LINT-29)
Warning: In design 'BufferedPackMetadataDequantizer_1', input port 'io_qIn_bits_descriptorIndex[19]' is connected directly to output port 'io_out_bits_descriptorIndex[19]'. (LINT-29)
Warning: In design 'BufferedPackMetadataDequantizer_1', input port 'io_qIn_bits_descriptorIndex[18]' is connected directly to output port 'io_out_bits_descriptorIndex[18]'. (LINT-29)
Warning: In design 'BufferedPackMetadataDequantizer_1', input port 'io_qIn_bits_descriptorIndex[17]' is connected directly to output port 'io_out_bits_descriptorIndex[17]'. (LINT-29)
Warning: In design 'BufferedPackMetadataDequantizer_1', input port 'io_qIn_bits_descriptorIndex[16]' is connected directly to output port 'io_out_bits_descriptorIndex[16]'. (LINT-29)
Warning: In design 'BufferedPackMetadataDequantizer_1', input port 'io_qIn_bits_descriptorIndex[15]' is connected directly to output port 'io_out_bits_descriptorIndex[15]'. (LINT-29)
Warning: In design 'BufferedPackMetadataDequantizer_1', input port 'io_qIn_bits_descriptorIndex[14]' is connected directly to output port 'io_out_bits_descriptorIndex[14]'. (LINT-29)
Warning: In design 'BufferedPackMetadataDequantizer_1', input port 'io_qIn_bits_descriptorIndex[13]' is connected directly to output port 'io_out_bits_descriptorIndex[13]'. (LINT-29)
Warning: In design 'BufferedPackMetadataDequantizer_1', input port 'io_qIn_bits_descriptorIndex[12]' is connected directly to output port 'io_out_bits_descriptorIndex[12]'. (LINT-29)
Warning: In design 'BufferedPackMetadataDequantizer_1', input port 'io_qIn_bits_descriptorIndex[11]' is connected directly to output port 'io_out_bits_descriptorIndex[11]'. (LINT-29)
Warning: In design 'BufferedPackMetadataDequantizer_1', input port 'io_qIn_bits_descriptorIndex[10]' is connected directly to output port 'io_out_bits_descriptorIndex[10]'. (LINT-29)
Warning: In design 'BufferedPackMetadataDequantizer_1', input port 'io_qIn_bits_descriptorIndex[9]' is connected directly to output port 'io_out_bits_descriptorIndex[9]'. (LINT-29)
Warning: In design 'BufferedPackMetadataDequantizer_1', input port 'io_qIn_bits_descriptorIndex[8]' is connected directly to output port 'io_out_bits_descriptorIndex[8]'. (LINT-29)
Warning: In design 'BufferedPackMetadataDequantizer_1', input port 'io_qIn_bits_descriptorIndex[7]' is connected directly to output port 'io_out_bits_descriptorIndex[7]'. (LINT-29)
Warning: In design 'BufferedPackMetadataDequantizer_1', input port 'io_qIn_bits_descriptorIndex[6]' is connected directly to output port 'io_out_bits_descriptorIndex[6]'. (LINT-29)
Warning: In design 'BufferedPackMetadataDequantizer_1', input port 'io_qIn_bits_descriptorIndex[5]' is connected directly to output port 'io_out_bits_descriptorIndex[5]'. (LINT-29)
Warning: In design 'BufferedPackMetadataDequantizer_1', input port 'io_qIn_bits_descriptorIndex[4]' is connected directly to output port 'io_out_bits_descriptorIndex[4]'. (LINT-29)
Warning: In design 'BufferedPackMetadataDequantizer_1', input port 'io_qIn_bits_descriptorIndex[3]' is connected directly to output port 'io_out_bits_descriptorIndex[3]'. (LINT-29)
Warning: In design 'BufferedPackMetadataDequantizer_1', input port 'io_qIn_bits_descriptorIndex[2]' is connected directly to output port 'io_out_bits_descriptorIndex[2]'. (LINT-29)
Warning: In design 'BufferedPackMetadataDequantizer_1', input port 'io_qIn_bits_descriptorIndex[1]' is connected directly to output port 'io_out_bits_descriptorIndex[1]'. (LINT-29)
Warning: In design 'BufferedPackMetadataDequantizer_1', input port 'io_qIn_bits_descriptorIndex[0]' is connected directly to output port 'io_out_bits_descriptorIndex[0]'. (LINT-29)
Warning: In design 'BufferedPackMetadataDequantizer_1', input port 'io_qIn_bits_tokenIndex[3]' is connected directly to output port 'io_out_bits_tokenIndex[3]'. (LINT-29)
Warning: In design 'BufferedPackMetadataDequantizer_1', input port 'io_qIn_bits_tokenIndex[2]' is connected directly to output port 'io_out_bits_tokenIndex[2]'. (LINT-29)
Warning: In design 'BufferedPackMetadataDequantizer_1', input port 'io_qIn_bits_tokenIndex[1]' is connected directly to output port 'io_out_bits_tokenIndex[1]'. (LINT-29)
Warning: In design 'BufferedPackMetadataDequantizer_1', input port 'io_qIn_bits_tokenIndex[0]' is connected directly to output port 'io_out_bits_tokenIndex[0]'. (LINT-29)
Warning: In design 'Po2FixedPointDequantizer', input port 'io_in_valid' is connected directly to output port 'io_out_valid'. (LINT-29)
Warning: In design 'Po2FixedPointDequantizer', input port 'io_out_ready' is connected directly to output port 'io_in_ready'. (LINT-29)
Warning: In design 'Po2FixedPointDequantizer_1', input port 'io_in_valid' is connected directly to output port 'io_out_valid'. (LINT-29)
Warning: In design 'Po2FixedPointDequantizer_1', input port 'io_out_ready' is connected directly to output port 'io_in_ready'. (LINT-29)
Warning: In design 'BriskKvComputeInterface', output port 'io_acceptedPackCount[31]' is connected directly to output port 'io_acceptedPackCount[28]'. (LINT-31)
Warning: In design 'BriskKvComputeInterface', output port 'io_acceptedPackCount[31]' is connected directly to output port 'io_acceptedPackCount[29]'. (LINT-31)
Warning: In design 'BriskKvComputeInterface', output port 'io_acceptedPackCount[31]' is connected directly to output port 'io_acceptedPackCount[30]'. (LINT-31)
Warning: In design 'DualKvDecompressionController', output port 'io_result_bits_bucketRecords[31]' is connected directly to output port 'io_progress_bucketRecords[31]'. (LINT-31)
Warning: In design 'DualKvDecompressionController', output port 'io_result_bits_bucketRecords[30]' is connected directly to output port 'io_progress_bucketRecords[30]'. (LINT-31)
Warning: In design 'DualKvDecompressionController', output port 'io_result_bits_bucketRecords[29]' is connected directly to output port 'io_progress_bucketRecords[29]'. (LINT-31)
Warning: In design 'DualKvDecompressionController', output port 'io_result_bits_bucketRecords[28]' is connected directly to output port 'io_progress_bucketRecords[28]'. (LINT-31)
Warning: In design 'DualKvDecompressionController', output port 'io_result_bits_bucketRecords[27]' is connected directly to output port 'io_progress_bucketRecords[27]'. (LINT-31)
Warning: In design 'DualKvDecompressionController', output port 'io_result_bits_bucketRecords[26]' is connected directly to output port 'io_progress_bucketRecords[26]'. (LINT-31)
Warning: In design 'DualKvDecompressionController', output port 'io_result_bits_bucketRecords[25]' is connected directly to output port 'io_progress_bucketRecords[25]'. (LINT-31)
Warning: In design 'DualKvDecompressionController', output port 'io_result_bits_bucketRecords[24]' is connected directly to output port 'io_progress_bucketRecords[24]'. (LINT-31)
Warning: In design 'DualKvDecompressionController', output port 'io_result_bits_bucketRecords[23]' is connected directly to output port 'io_progress_bucketRecords[23]'. (LINT-31)
Warning: In design 'DualKvDecompressionController', output port 'io_result_bits_bucketRecords[22]' is connected directly to output port 'io_progress_bucketRecords[22]'. (LINT-31)
Warning: In design 'DualKvDecompressionController', output port 'io_result_bits_bucketRecords[21]' is connected directly to output port 'io_progress_bucketRecords[21]'. (LINT-31)
Warning: In design 'DualKvDecompressionController', output port 'io_result_bits_bucketRecords[20]' is connected directly to output port 'io_progress_bucketRecords[20]'. (LINT-31)
Warning: In design 'DualKvDecompressionController', output port 'io_result_bits_bucketRecords[19]' is connected directly to output port 'io_progress_bucketRecords[19]'. (LINT-31)
Warning: In design 'DualKvDecompressionController', output port 'io_result_bits_bucketRecords[18]' is connected directly to output port 'io_progress_bucketRecords[18]'. (LINT-31)
Warning: In design 'DualKvDecompressionController', output port 'io_result_bits_bucketRecords[17]' is connected directly to output port 'io_progress_bucketRecords[17]'. (LINT-31)
Warning: In design 'DualKvDecompressionController', output port 'io_result_bits_bucketRecords[16]' is connected directly to output port 'io_progress_bucketRecords[16]'. (LINT-31)
Warning: In design 'DualKvDecompressionController', output port 'io_result_bits_bucketRecords[15]' is connected directly to output port 'io_progress_bucketRecords[15]'. (LINT-31)
Warning: In design 'DualKvDecompressionController', output port 'io_result_bits_bucketRecords[14]' is connected directly to output port 'io_progress_bucketRecords[14]'. (LINT-31)
Warning: In design 'DualKvDecompressionController', output port 'io_result_bits_bucketRecords[13]' is connected directly to output port 'io_progress_bucketRecords[13]'. (LINT-31)
Warning: In design 'DualKvDecompressionController', output port 'io_result_bits_bucketRecords[12]' is connected directly to output port 'io_progress_bucketRecords[12]'. (LINT-31)
Warning: In design 'DualKvDecompressionController', output port 'io_result_bits_bucketRecords[11]' is connected directly to output port 'io_progress_bucketRecords[11]'. (LINT-31)
Warning: In design 'DualKvDecompressionController', output port 'io_result_bits_bucketRecords[10]' is connected directly to output port 'io_progress_bucketRecords[10]'. (LINT-31)
Warning: In design 'DualKvDecompressionController', output port 'io_result_bits_bucketRecords[9]' is connected directly to output port 'io_progress_bucketRecords[9]'. (LINT-31)
Warning: In design 'DualKvDecompressionController', output port 'io_result_bits_bucketRecords[8]' is connected directly to output port 'io_progress_bucketRecords[8]'. (LINT-31)
Warning: In design 'DualKvDecompressionController', output port 'io_result_bits_bucketRecords[7]' is connected directly to output port 'io_progress_bucketRecords[7]'. (LINT-31)
Warning: In design 'DualKvDecompressionController', output port 'io_result_bits_bucketRecords[6]' is connected directly to output port 'io_progress_bucketRecords[6]'. (LINT-31)
Warning: In design 'DualKvDecompressionController', output port 'io_result_bits_bucketRecords[5]' is connected directly to output port 'io_progress_bucketRecords[5]'. (LINT-31)
Warning: In design 'DualKvDecompressionController', output port 'io_result_bits_bucketRecords[4]' is connected directly to output port 'io_progress_bucketRecords[4]'. (LINT-31)
Warning: In design 'DualKvDecompressionController', output port 'io_result_bits_bucketRecords[3]' is connected directly to output port 'io_progress_bucketRecords[3]'. (LINT-31)
Warning: In design 'DualKvDecompressionController', output port 'io_result_bits_bucketRecords[2]' is connected directly to output port 'io_progress_bucketRecords[2]'. (LINT-31)
Warning: In design 'DualKvDecompressionController', output port 'io_result_bits_bucketRecords[1]' is connected directly to output port 'io_progress_bucketRecords[1]'. (LINT-31)
Warning: In design 'DualKvDecompressionController', output port 'io_result_bits_bucketRecords[0]' is connected directly to output port 'io_progress_bucketRecords[0]'. (LINT-31)
Warning: In design 'CompactMetadataDecoder', output port 'io_out_bits[7]' is connected directly to output port 'io_out_bits[6]'. (LINT-31)
Warning: In design 'CompactMetadataDecoder_1', output port 'io_out_bits[7]' is connected directly to output port 'io_out_bits[3]'. (LINT-31)
Warning: In design 'CompactMetadataDecoder_1', output port 'io_out_bits[7]' is connected directly to output port 'io_out_bits[4]'. (LINT-31)
Warning: In design 'CompactMetadataDecoder_1', output port 'io_out_bits[7]' is connected directly to output port 'io_out_bits[5]'. (LINT-31)
Warning: In design 'CompactMetadataDecoder_1', output port 'io_out_bits[7]' is connected directly to output port 'io_out_bits[6]'. (LINT-31)
Warning: In design 'CompactMetadataDecoder_2', output port 'io_out_bits[7]' is connected directly to output port 'io_out_bits[4]'. (LINT-31)
Warning: In design 'CompactMetadataDecoder_2', output port 'io_out_bits[7]' is connected directly to output port 'io_out_bits[5]'. (LINT-31)
Warning: In design 'CompactMetadataDecoder_2', output port 'io_out_bits[7]' is connected directly to output port 'io_out_bits[6]'. (LINT-31)
Warning: In design 'PackDescriptorDecoder', output port 'io_out_bits_minimum[7]' is connected directly to output port 'io_out_bits_minimum[6]'. (LINT-31)
Warning: In design 'PackDescriptorDecoder_1', output port 'io_out_bits_minimum[7]' is connected directly to output port 'io_out_bits_minimum[4]'. (LINT-31)
Warning: In design 'PackDescriptorDecoder_1', output port 'io_out_bits_minimum[7]' is connected directly to output port 'io_out_bits_minimum[5]'. (LINT-31)
Warning: In design 'PackDescriptorDecoder_1', output port 'io_out_bits_minimum[7]' is connected directly to output port 'io_out_bits_minimum[6]'. (LINT-31)
Warning: In design 'Queue2_QueryFeature', a pin on submodule 'ram_ext' is connected to logic 1 or logic 0. (LINT-32)
   Pin 'R0_en' is connected to logic 1. 
Warning: In design 'Queue2_QueryFeature', the same net is connected to more than one pin on submodule 'ram_ext'. (LINT-33)
   Net 'clock' is connected to pins 'R0_clk', 'W0_clk''.
Warning: In design 'BriskKvComputeInterface', output port 'io_acceptedPackCount[31]' is connected directly to 'logic 0'. (LINT-52)
Warning: In design 'BriskKvComputeInterface', output port 'io_acceptedPackCount[30]' is connected directly to 'logic 0'. (LINT-52)
Warning: In design 'BriskKvComputeInterface', output port 'io_acceptedPackCount[29]' is connected directly to 'logic 0'. (LINT-52)
Warning: In design 'BriskKvComputeInterface', output port 'io_acceptedPackCount[28]' is connected directly to 'logic 0'. (LINT-52)
Warning: In design 'PackDescriptorDecoder', output port 'io_out_bits_minimum[7]' is connected directly to 'logic 0'. (LINT-52)
Warning: In design 'PackDescriptorDecoder', output port 'io_out_bits_minimum[6]' is connected directly to 'logic 0'. (LINT-52)
Warning: In design 'PackDescriptorDecoder_1', output port 'io_out_bits_minimum[7]' is connected directly to 'logic 0'. (LINT-52)
Warning: In design 'PackDescriptorDecoder_1', output port 'io_out_bits_minimum[6]' is connected directly to 'logic 0'. (LINT-52)
Warning: In design 'PackDescriptorDecoder_1', output port 'io_out_bits_minimum[5]' is connected directly to 'logic 0'. (LINT-52)
Warning: In design 'PackDescriptorDecoder_1', output port 'io_out_bits_minimum[4]' is connected directly to 'logic 0'. (LINT-52)
Information: Design 'queryMemory_128x18' does not contain any cells or nets. (LINT-55)
Information: Design 'weightMemory_64x256' does not contain any cells or nets. (LINT-55)
Information: Design 'memory_8192x288' does not contain any cells or nets. (LINT-55)
Information: Design 'exponentMemory_64x277' does not contain any cells or nets. (LINT-55)
Information: Design 'logitMemory_64x709' does not contain any cells or nets. (LINT-55)
1
