 
****************************************
Report : power
        -analysis_effort low
Design : BriskKvAttentionTop
Version: O-2018.06-SP1
Date   : Tue Aug 11 22:30:24 2026
****************************************


Library(s) Used:

    tcbn28hpcplusbwp12t30p140lvtssg0p81v125c (File: /home/yaz80/wz_project/dc_project/pdk/TSMC28/tcbn28hpcplusbwp12t30p140lvtssg0p81v125c.db)


Operating Conditions: ssg0p81v125c   Library: tcbn28hpcplusbwp12t30p140lvtssg0p81v125c
Wire Load Model Mode: segmented

Design        Wire Load Model            Library
------------------------------------------------
BriskKvAttentionTop    ZeroWireload      tcbn28hpcplusbwp12t30p140lvtssg0p81v125c
AvOutputQuantizer      ZeroWireload      tcbn28hpcplusbwp12t30p140lvtssg0p81v125c
AttentionScaleUnit     ZeroWireload      tcbn28hpcplusbwp12t30p140lvtssg0p81v125c
StreamingSoftmax       ZeroWireload      tcbn28hpcplusbwp12t30p140lvtssg0p81v125c
SoftmaxVAccumulator    ZeroWireload      tcbn28hpcplusbwp12t30p140lvtssg0p81v125c
DualKvDecompressionController
                       ZeroWireload      tcbn28hpcplusbwp12t30p140lvtssg0p81v125c
AttentionFeaturePacketizer_1
                       ZeroWireload      tcbn28hpcplusbwp12t30p140lvtssg0p81v125c
QueryReplayBuffer      ZeroWireload      tcbn28hpcplusbwp12t30p140lvtssg0p81v125c
QkDotProductAccumulator
                       ZeroWireload      tcbn28hpcplusbwp12t30p140lvtssg0p81v125c
DecompressionPipelineController
                       ZeroWireload      tcbn28hpcplusbwp12t30p140lvtssg0p81v125c
DecompressionPipelineController_1
                       ZeroWireload      tcbn28hpcplusbwp12t30p140lvtssg0p81v125c
KvStreamDequantizer    ZeroWireload      tcbn28hpcplusbwp12t30p140lvtssg0p81v125c
KvStreamDequantizer_1  ZeroWireload      tcbn28hpcplusbwp12t30p140lvtssg0p81v125c
DynamicBitUnpacker     ZeroWireload      tcbn28hpcplusbwp12t30p140lvtssg0p81v125c
BufferedPackMetadataDequantizer
                       ZeroWireload      tcbn28hpcplusbwp12t30p140lvtssg0p81v125c
DynamicBitUnpacker_1   ZeroWireload      tcbn28hpcplusbwp12t30p140lvtssg0p81v125c
BufferedPackMetadataDequantizer_1
                       ZeroWireload      tcbn28hpcplusbwp12t30p140lvtssg0p81v125c
PackDescriptorDecoder  ZeroWireload      tcbn28hpcplusbwp12t30p140lvtssg0p81v125c
PackDescriptorDecoder_1
                       ZeroWireload      tcbn28hpcplusbwp12t30p140lvtssg0p81v125c
AttentionFeaturePacketizer_0
                       ZeroWireload      tcbn28hpcplusbwp12t30p140lvtssg0p81v125c


Global Operating Voltage = 0.81 
Power-specific unit information :
    Voltage Units = 1V
    Capacitance Units = 1.000000pf
    Time Units = 1ns
    Dynamic Power Units = 1mW    (derived from V,C,T units)
    Leakage Power Units = 1nW


  Cell Internal Power  =  26.6207 mW   (96%)
  Net Switching Power  =   1.0061 mW    (4%)
                         ---------
Total Dynamic Power    =  27.6268 mW  (100%)

Cell Leakage Power     =  46.2680 mW


                 Internal         Switching           Leakage            Total
Power Group      Power            Power               Power              Power   (   %    )  Attrs
--------------------------------------------------------------------------------------------------
io_pad             0.0000            0.0000            0.0000            0.0000  (   0.00%)
memory             0.0000            0.0000            0.0000            0.0000  (   0.00%)
black_box          0.0000        4.9780e-02            0.0000        4.9780e-02  (   0.07%)
clock_network      0.6803            0.5707        6.8435e+06            8.0945  (  10.95%)
register          25.3124        3.2228e-03        1.2816e+07           38.1320  (  51.60%)
sequential         0.0000            0.0000            0.0000            0.0000  (   0.00%)
combinational      0.6313            0.3824        2.6608e+07           27.6220  (  37.38%)
--------------------------------------------------------------------------------------------------
Total             26.6241 mW         1.0061 mW     4.6268e+07 nW        73.8983 mW
1
